Archive member included to satisfy reference by file (symbol)

C:/ProgramData/MATLAB/SupportPackages/R2025a/3P.instrset/gnuarm-armcortex.instrset/win/bin/../lib/gcc/arm-none-eabi/13.2.1/thumb/v7e-m+fp/hard\libm.a(libm_a-w_fmod.o)
                              xcp_ext_common.c.o (fmod)
C:/ProgramData/MATLAB/SupportPackages/R2025a/3P.instrset/gnuarm-armcortex.instrset/win/bin/../lib/gcc/arm-none-eabi/13.2.1/thumb/v7e-m+fp/hard\libm.a(libm_a-e_fmod.o)
                              C:/ProgramData/MATLAB/SupportPackages/R2025a/3P.instrset/gnuarm-armcortex.instrset/win/bin/../lib/gcc/arm-none-eabi/13.2.1/thumb/v7e-m+fp/hard\libm.a(libm_a-w_fmod.o) (__ieee754_fmod)
C:/ProgramData/MATLAB/SupportPackages/R2025a/3P.instrset/gnuarm-armcortex.instrset/win/bin/../lib/gcc/arm-none-eabi/13.2.1/thumb/v7e-m+fp/hard\libgcc.a(_arm_muldf3.o)
                              Encoder_reader_simulink.c.o (__aeabi_dmul)
C:/ProgramData/MATLAB/SupportPackages/R2025a/3P.instrset/gnuarm-armcortex.instrset/win/bin/../lib/gcc/arm-none-eabi/13.2.1/thumb/v7e-m+fp/hard\libgcc.a(_arm_addsubdf3.o)
                              Encoder_reader_simulink.c.o (__aeabi_dsub)
C:/ProgramData/MATLAB/SupportPackages/R2025a/3P.instrset/gnuarm-armcortex.instrset/win/bin/../lib/gcc/arm-none-eabi/13.2.1/thumb/v7e-m+fp/hard\libgcc.a(_arm_muldivdf3.o)
                              xcp_ext_common.c.o (__aeabi_ddiv)
C:/ProgramData/MATLAB/SupportPackages/R2025a/3P.instrset/gnuarm-armcortex.instrset/win/bin/../lib/gcc/arm-none-eabi/13.2.1/thumb/v7e-m+fp/hard\libgcc.a(_arm_cmpdf2.o)
                              xcp_ext_mode.c.o (__aeabi_dcmpeq)
C:/ProgramData/MATLAB/SupportPackages/R2025a/3P.instrset/gnuarm-armcortex.instrset/win/bin/../lib/gcc/arm-none-eabi/13.2.1/thumb/v7e-m+fp/hard\libgcc.a(_arm_unorddf2.o)
                              C:/ProgramData/MATLAB/SupportPackages/R2025a/3P.instrset/gnuarm-armcortex.instrset/win/bin/../lib/gcc/arm-none-eabi/13.2.1/thumb/v7e-m+fp/hard\libm.a(libm_a-w_fmod.o) (__aeabi_dcmpun)
C:/ProgramData/MATLAB/SupportPackages/R2025a/3P.instrset/gnuarm-armcortex.instrset/win/bin/../lib/gcc/arm-none-eabi/13.2.1/thumb/v7e-m+fp/hard\libgcc.a(_arm_fixunsdfsi.o)
                              xcp_ext_common.c.o (__aeabi_d2uiz)
C:/ProgramData/MATLAB/SupportPackages/R2025a/3P.instrset/gnuarm-armcortex.instrset/win/bin/../lib/gcc/arm-none-eabi/13.2.1/thumb/v7e-m+fp/hard\libgcc.a(_aeabi_uldivmod.o)
                              stm32g4xx_ll_lpuart.c.o (__aeabi_uldivmod)
C:/ProgramData/MATLAB/SupportPackages/R2025a/3P.instrset/gnuarm-armcortex.instrset/win/bin/../lib/gcc/arm-none-eabi/13.2.1/thumb/v7e-m+fp/hard\libgcc.a(_udivmoddi4.o)
                              C:/ProgramData/MATLAB/SupportPackages/R2025a/3P.instrset/gnuarm-armcortex.instrset/win/bin/../lib/gcc/arm-none-eabi/13.2.1/thumb/v7e-m+fp/hard\libgcc.a(_aeabi_uldivmod.o) (__udivmoddi4)
C:/ProgramData/MATLAB/SupportPackages/R2025a/3P.instrset/gnuarm-armcortex.instrset/win/bin/../lib/gcc/arm-none-eabi/13.2.1/thumb/v7e-m+fp/hard\libgcc.a(_dvmd_tls.o)
                              C:/ProgramData/MATLAB/SupportPackages/R2025a/3P.instrset/gnuarm-armcortex.instrset/win/bin/../lib/gcc/arm-none-eabi/13.2.1/thumb/v7e-m+fp/hard\libgcc.a(_aeabi_uldivmod.o) (__aeabi_ldiv0)
C:/ProgramData/MATLAB/SupportPackages/R2025a/3P.instrset/gnuarm-armcortex.instrset/win/bin/../lib/gcc/arm-none-eabi/13.2.1/thumb/v7e-m+fp/hard\libg_nano.a(libc_a-exit.o)
                              C:/ProgramData/MATLAB/SupportPackages/R2025a/3P.instrset/gnuarm-armcortex.instrset/win/bin/../lib/gcc/arm-none-eabi/13.2.1/thumb/v7e-m+fp/hard/crt0.o (exit)
C:/ProgramData/MATLAB/SupportPackages/R2025a/3P.instrset/gnuarm-armcortex.instrset/win/bin/../lib/gcc/arm-none-eabi/13.2.1/thumb/v7e-m+fp/hard\libg_nano.a(libc_a-findfp.o)
                              C:/ProgramData/MATLAB/SupportPackages/R2025a/3P.instrset/gnuarm-armcortex.instrset/win/bin/../lib/gcc/arm-none-eabi/13.2.1/thumb/v7e-m+fp/hard\libg_nano.a(libc_a-exit.o) (__stdio_exit_handler)
C:/ProgramData/MATLAB/SupportPackages/R2025a/3P.instrset/gnuarm-armcortex.instrset/win/bin/../lib/gcc/arm-none-eabi/13.2.1/thumb/v7e-m+fp/hard\libg_nano.a(libc_a-fwalk.o)
                              C:/ProgramData/MATLAB/SupportPackages/R2025a/3P.instrset/gnuarm-armcortex.instrset/win/bin/../lib/gcc/arm-none-eabi/13.2.1/thumb/v7e-m+fp/hard\libg_nano.a(libc_a-findfp.o) (_fwalk_sglue)
C:/ProgramData/MATLAB/SupportPackages/R2025a/3P.instrset/gnuarm-armcortex.instrset/win/bin/../lib/gcc/arm-none-eabi/13.2.1/thumb/v7e-m+fp/hard\libg_nano.a(libc_a-stdio.o)
                              C:/ProgramData/MATLAB/SupportPackages/R2025a/3P.instrset/gnuarm-armcortex.instrset/win/bin/../lib/gcc/arm-none-eabi/13.2.1/thumb/v7e-m+fp/hard\libg_nano.a(libc_a-findfp.o) (__sread)
C:/ProgramData/MATLAB/SupportPackages/R2025a/3P.instrset/gnuarm-armcortex.instrset/win/bin/../lib/gcc/arm-none-eabi/13.2.1/thumb/v7e-m+fp/hard\libg_nano.a(libc_a-memset.o)
[...]
Memory Configuration

Name             Origin             Length             Attributes
RAM              0x20000000         0x00020000         xrw
FLASH            0x08000000         0x00080000         xr
*default*        0x00000000         0xffffffff

Linker script and memory map

LOAD C:/ProgramData/MATLAB/SupportPackages/R2025a/3P.instrset/gnuarm-armcortex.instrset/win/bin/../lib/gcc/arm-none-eabi/13.2.1/thumb/v7e-m+fp/hard/crti.o
LOAD C:/ProgramData/MATLAB/SupportPackages/R2025a/3P.instrset/gnuarm-armcortex.instrset/win/bin/../lib/gcc/arm-none-eabi/13.2.1/thumb/v7e-m+fp/hard/crtbegin.o
LOAD C:/ProgramData/MATLAB/SupportPackages/R2025a/3P.instrset/gnuarm-armcortex.instrset/win/bin/../lib/gcc/arm-none-eabi/13.2.1/thumb/v7e-m+fp/hard/crt0.o
LOAD xcp_ext_mode.c.o
LOAD Encoder_reader_simulink.c.o
LOAD ert_main.c.o
LOAD xcp_ext_common.c.o
LOAD xcp_ext_classic_trigger.c.o
LOAD xcp.c.o
LOAD xcp_standard.c.o
LOAD xcp_daq.c.o
LOAD xcp_calibration.c.o
LOAD xcp_fifo.c.o
LOAD xcp_transport.c.o
LOAD xcp_mem_default.c.o
LOAD xcp_drv_rtiostream.c.o
LOAD xcp_utils.c.o
LOAD xcp_frame_serial.c.o
LOAD xcp_ext_param_default_serial.c.o
LOAD overrideHALDelay.c.o
LOAD platform_timer.c.o
LOAD SysTickScheduler.c.o
LOAD m3m4m4f_multitasking.c.o
LOAD rtiostream_serial.c.o
LOAD stm_usart.c.o
LOAD stm_lpuart.c.o
LOAD sys_arch_arm.c.o
LOAD main.c.o
LOAD stm32g4xx_it.c.o
LOAD stm32g4xx_hal_msp.c.o
LOAD stm32g4xx_hal_timebase_tim.c.o
LOAD stm32g4xx_ll_utils.c.o
LOAD stm32g4xx_ll_exti.c.o
LOAD stm32g4xx_hal_tim.c.o
LOAD stm32g4xx_hal_tim_ex.c.o
LOAD stm32g4xx_ll_gpio.c.o
LOAD stm32g4xx_ll_dma.c.o
LOAD stm32g4xx_ll_lpuart.c.o
LOAD stm32g4xx_ll_rcc.c.o
LOAD stm32g4xx_ll_pwr.c.o
LOAD stm32g4xx_hal.c.o
LOAD stm32g4xx_hal_rcc.c.o
LOAD stm32g4xx_hal_rcc_ex.c.o
LOAD stm32g4xx_hal_flash.c.o
LOAD stm32g4xx_hal_flash_ex.c.o
LOAD stm32g4xx_hal_flash_ramfunc.c.o
LOAD stm32g4xx_hal_gpio.c.o
LOAD stm32g4xx_hal_exti.c.o
LOAD stm32g4xx_hal_dma.c.o
LOAD stm32g4xx_hal_dma_ex.c.o
LOAD stm32g4xx_hal_pwr.c.o
LOAD stm32g4xx_hal_pwr_ex.c.o
LOAD stm32g4xx_hal_cortex.c.o
LOAD stm32g4xx_ll_tim.c.o
LOAD system_stm32g4xx.c.o
LOAD syscalls.c.o
LOAD sysmem.c.o
LOAD startup_stm32g474retx.s.o
LOAD stm_timer_ll.c.o
LOAD C:/ProgramData/MATLAB/SupportPackages/R2025a/3P.instrset/cmsis_dsp.instrset/Lib/GCC/arm_cortexm4ldfsp_math/libCMSISDSP.a
LOAD C:/ProgramData/MATLAB/SupportPackages/R2025a/toolbox/shared/supportpackages/stm32/lib/GCC/libmw_pdmfilter_m4_spfp.lib
LOAD C:/ProgramData/MATLAB/SupportPackages/R2025a/3P.instrset/gnuarm-armcortex.instrset/win/bin/../lib/gcc/arm-none-eabi/13.2.1/thumb/v7e-m+fp/hard\libstdc++_nano.a
LOAD C:/ProgramData/MATLAB/SupportPackages/R2025a/3P.instrset/gnuarm-armcortex.instrset/win/bin/../lib/gcc/arm-none-eabi/13.2.1/thumb/v7e-m+fp/hard\libm.a
START GROUP
LOAD C:/ProgramData/MATLAB/SupportPackages/R2025a/3P.instrset/gnuarm-armcortex.instrset/win/bin/../lib/gcc/arm-none-eabi/13.2.1/thumb/v7e-m+fp/hard\libgcc.a
LOAD C:/ProgramData/MATLAB/SupportPackages/R2025a/3P.instrset/gnuarm-armcortex.instrset/win/bin/../lib/gcc/arm-none-eabi/13.2.1/thumb/v7e-m+fp/hard\libg_nano.a
LOAD C:/ProgramData/MATLAB/SupportPackages/R2025a/3P.instrset/gnuarm-armcortex.instrset/win/bin/../lib/gcc/arm-none-eabi/13.2.1/thumb/v7e-m+fp/hard\libc_nano.a
END GROUP
START GROUP
LOAD C:/ProgramData/MATLAB/SupportPackages/R2025a/3P.instrset/gnuarm-armcortex.instrset/win/bin/../lib/gcc/arm-none-eabi/13.2.1/thumb/v7e-m+fp/hard\libgcc.a
LOAD C:/ProgramData/MATLAB/SupportPackages/R2025a/3P.instrset/gnuarm-armcortex.instrset/win/bin/../lib/gcc/arm-none-eabi/13.2.1/thumb/v7e-m+fp/hard\libc_nano.a
LOAD C:/ProgramData/MATLAB/SupportPackages/R2025a/3P.instrset/gnuarm-armcortex.instrset/win/bin/../lib/gcc/arm-none-eabi/13.2.1/thumb/v7e-m+fp/hard\libnosys.a
END GROUP
START GROUP
LOAD C:/ProgramData/MATLAB/SupportPackages/R2025a/3P.instrset/gnuarm-armcortex.instrset/win/bin/../lib/gcc/arm-none-eabi/13.2.1/thumb/v7e-m+fp/hard\libgcc.a
LOAD C:/ProgramData/MATLAB/SupportPackages/R2025a/3P.instrset/gnuarm-armcortex.instrset/win/bin/../lib/gcc/arm-none-eabi/13.2.1/thumb/v7e-m+fp/hard\libc_nano.a
LOAD C:/ProgramData/MATLAB/SupportPackages/R2025a/3P.instrset/gnuarm-armcortex.instrset/win/bin/../lib/gcc/arm-none-eabi/13.2.1/thumb/v7e-m+fp/hard\libnosys.a
END GROUP
LOAD C:/ProgramData/MATLAB/SupportPackages/R2025a/3P.instrset/gnuarm-armcortex.instrset/win/bin/../lib/gcc/arm-none-eabi/13.2.1/thumb/v7e-m+fp/hard/crtend.o
LOAD C:/ProgramData/MATLAB/SupportPackages/R2025a/3P.instrset/gnuarm-armcortex.instrset/win/bin/../lib/gcc/arm-none-eabi/13.2.1/thumb/v7e-m+fp/hard/crtn.o
                0x20020000                        _estack = (ORIGIN (RAM) + LENGTH (RAM))
                0x00000200                        _Min_Heap_Size = 0x200
                0x00000400                        _Min_Stack_Size = 0x400

.isr_vector     0x08000000      0x1d8
                0x08000000                        . = ALIGN (0x4)
 *(.isr_vector)
 .isr_vector    0x08000000      0x1d8 startup_stm32g474retx.s.o
                0x08000000                g_pfnVectors
                0x080001d8                        . = ALIGN (0x4)

.text           0x080001d8     0xcf84
                0x080001d8                        . = ALIGN (0x4)
 *(.text)
 .text          0x080001d8      0x378 C:/ProgramData/MATLAB/SupportPackages/R2025a/3P.instrset/gnuarm-armcortex.instrset/win/bin/../lib/gcc/arm-none-eabi/13.2.1/thumb/v7e-m+fp/hard\libgcc.a(_arm_addsubdf3.o)
                0x080001d8                __aeabi_drsub
                0x080001e0                __aeabi_dsub
                0x080001e0                __subdf3
                0x080001e4                __aeabi_dadd
                0x080001e4                __adddf3
                0x0800045c                __floatunsidf
                0x0800045c                __aeabi_ui2d
                0x0800047c                __floatsidf
                0x0800047c                __aeabi_i2d
                0x080004a0                __aeabi_f2d
                0x080004a0                __extendsfdf2
                0x080004e4                __floatundidf
                0x080004e4                __aeabi_ul2d
                0x080004f4                __floatdidf
                0x080004f4                __aeabi_l2d
 .text          0x08000550      0x424 C:/ProgramData/MATLAB/SupportPackages/R2025a/3P.instrset/gnuarm-armcortex.instrset/win/bin/../lib/gcc/arm-none-eabi/13.2.1/thumb/v7e-m+fp/hard\libgcc.a(_arm_muldivdf3.o)
                0x08000550                __aeabi_dmul
                0x08000550                __muldf3
                0x080007a4                __divdf3
                0x080007a4                __aeabi_ddiv
 .text          0x08000974      0x110 C:/ProgramData/MATLAB/SupportPackages/R2025a/3P.instrset/gnuarm-armcortex.instrset/win/bin/../lib/gcc/arm-none-eabi/13.2.1/thumb/v7e-m+fp/hard\libgcc.a(_arm_cmpdf2.o)
                0x08000974                __gtdf2
                0x08000974                __gedf2
                0x0800097c                __ltdf2
                0x0800097c                __ledf2
                0x08000984                __nedf2
                0x08000984                __eqdf2
                0x08000984                __cmpdf2
                0x08000a00                __aeabi_cdrcmple
                0x08000a10                __aeabi_cdcmpeq
                0x08000a10                __aeabi_cdcmple
                0x08000a20                __aeabi_dcmpeq
                0x08000a34                __aeabi_dcmplt
                0x08000a48                __aeabi_dcmple
                0x08000a5c                __aeabi_dcmpge
                0x08000a70                __aeabi_dcmpgt
 .text          0x08000a84       0x2c C:/ProgramData/MATLAB/SupportPackages/R2025a/3P.instrset/gnuarm-armcortex.instrset/win/bin/../lib/gcc/arm-none-eabi/13.2.1/thumb/v7e-m+fp/hard\libgcc.a(_arm_unorddf2.o)
                0x08000a84                __unorddf2
                0x08000a84                __aeabi_dcmpun
 .text          0x08000ab0       0x40 C:/ProgramData/MATLAB/SupportPackages/R2025a/3P.instrset/gnuarm-armcortex.instrset/win/bin/../lib/gcc/arm-none-eabi/13.2.1/thumb/v7e-m+fp/hard\libgcc.a(_arm_fixunsdfsi.o)
                0x08000ab0                __aeabi_d2uiz
                0x08000ab0                __fixunsdfsi
 .text          0x08000af0       0x30 C:/ProgramData/MATLAB/SupportPackages/R2025a/3P.instrset/gnuarm-armcortex.instrset/win/bin/../lib/gcc/arm-none-eabi/13.2.1/thumb/v7e-m+fp/hard\libgcc.a(_aeabi_uldivmod.o)
                0x08000af0                __aeabi_uldivmod
 .text          0x08000b20        0x4 C:/ProgramData/MATLAB/SupportPackages/R2025a/3P.instrset/gnuarm-armcortex.instrset/win/bin/../lib/gcc/arm-none-eabi/13.2.1/thumb/v7e-m+fp/hard\libgcc.a(_dvmd_tls.o)
                0x08000b20                __aeabi_idiv0
                0x08000b20                __aeabi_ldiv0
 *(.text*)
 .text.deregister_tm_clones
                0x08000b24       0x1c C:/ProgramData/MATLAB/SupportPackages/R2025a/3P.instrset/gnuarm-armcortex.instrset/win/bin/../lib/gcc/arm-none-eabi/13.2.1/thumb/v7e-m+fp/hard/crtbegin.o
 .text.register_tm_clones
                0x08000b40       0x24 C:/ProgramData/MATLAB/SupportPackages/R2025a/3P.instrset/gnuarm-armcortex.instrset/win/bin/../lib/gcc/arm-none-eabi/13.2.1/thumb/v7e-m+fp/hard/crtbegin.o
 .text.__do_global_dtors_aux
                0x08000b64       0x28 C:/ProgramData/MATLAB/SupportPackages/R2025a/3P.instrset/gnuarm-armcortex.instrset/win/bin/../lib/gcc/arm-none-eabi/13.2.1/thumb/v7e-m+fp/hard/crtbegin.o
 .text.frame_dummy
                0x08000b8c       0x24 C:/ProgramData/MATLAB/SupportPackages/R2025a/3P.instrset/gnuarm-armcortex.instrset/win/bin/../lib/gcc/arm-none-eabi/13.2.1/thumb/v7e-m+fp/hard/crtbegin.o
 .text.extmodeParseArgs
                0x08000bb0       0x1e xcp_ext_mode.c.o
                0x08000bb0                extmodeParseArgs
 *fill*         0x08000bce        0x2 
 .text.extmodeInit
                0x08000bd0      0x128 xcp_ext_mode.c.o
                0x08000bd0                extmodeInit
 .text.extmodeWaitForHostRequest
                0x08000cf8       0xcc xcp_ext_mode.c.o
                0x08000cf8                extmodeWaitForHostRequest
 .text.extmodeEvent
                0x08000dc4       0xfc xcp_ext_mode.c.o
                0x08000dc4                extmodeEvent
 .text.extmodeBackgroundRun
                0x08000ec0       0x20 xcp_ext_mode.c.o
                0x08000ec0                extmodeBackgroundRun
 .text.extmodeReset
                0x08000ee0       0x40 xcp_ext_mode.c.o
                0x08000ee0                extmodeReset
 .text.extmodeStopRequested
                0x08000f20       0x18 xcp_ext_mode.c.o
                0x08000f20                extmodeStopRequested
 .text.extmodeSimulationComplete
                0x08000f38       0x18 xcp_ext_mode.c.o
                0x08000f38                extmodeSimulationComplete
 .text.LL_TIM_EnableCounter
                0x08000f50       0x20 Encoder_reader_simulink.c.o
 .text.LL_TIM_DisableCounter
                0x08000f70       0x20 Encoder_reader_simulink.c.o
 .text.LL_TIM_SetUpdateSource
                0x08000f90       0x26 Encoder_reader_simulink.c.o
 .text.LL_TIM_GetUpdateSource
                0x08000fb6       0x1c Encoder_reader_simulink.c.o
 .text.LL_TIM_SetRepetitionCounter
                0x08000fd2       0x1c Encoder_reader_simulink.c.o
 .text.LL_TIM_GenerateEvent_UPDATE
                0x08000fee       0x20 Encoder_reader_simulink.c.o
 .text.LL_GPIO_ReadInputPort
                0x0800100e       0x18 Encoder_reader_simulink.c.o
 *fill*         0x08001026        0x2 
 .text.isSlaveTriggerModeEnabled
                0x08001028       0x30 Encoder_reader_simulink.c.o
 .text.enableCounter
                0x08001058      0x118 Encoder_reader_simulink.c.o
 .text.disableCounter
                0x08001170       0x1a Encoder_reader_simulink.c.o
 *fill*         0x0800118a        0x2 
 .text.Encoder_reader_SystemCore_setup
                0x0800118c       0x94 Encoder_reader_simulink.c.o
 .text.Encoder_reader_simulink_step
                0x08001220      0x184 Encoder_reader_simulink.c.o
                0x08001220                Encoder_reader_simulink_step
 *fill*         0x080013a4        0x4 
 .text.Encoder_reader_simulink_initialize
                0x080013a8       0xdc Encoder_reader_simulink.c.o
                0x080013a8                Encoder_reader_simulink_initialize
 .text.Encoder_reader_simulink_terminate
                0x08001484       0x74 Encoder_reader_simulink.c.o
                0x08001484                Encoder_reader_simulink_terminate
 .text.rt_OneStep
                0x080014f8       0x78 ert_main.c.o
                0x080014f8                rt_OneStep
 .text.main     0x08001570      0x18c ert_main.c.o
                0x08001570                main
 .text.xcp_void_printf
                0x080016fc       0x12 xcp_ext_common.c.o
                0x080016fc                xcp_void_printf
 .text.xcpCopyTimeValue
                0x0800170e       0x26 xcp_ext_common.c.o
 *fill*         0x08001734        0x4 
 .text.xcpExtModeUpdateTime
                0x08001738      0x13c xcp_ext_common.c.o
                0x08001738                xcpExtModeUpdateTime
 .text.xcpExtModeInit
                0x08001874       0xb0 xcp_ext_common.c.o
                0x08001874                xcpExtModeInit
 .text.xcpExtModeRunBackground
                0x08001924      0x13c xcp_ext_common.c.o
                0x08001924                xcpExtModeRunBackground
 .text.xcpExtModeReset
                0x08001a60      0x128 xcp_ext_common.c.o
                0x08001a60                xcpExtModeReset
 .text.sampleSignalTrigger
                0x08001b88      0x1b4 xcp_ext_classic_trigger.c.o
 .text.updateTriggerStatus
                0x08001d3c      0x2b8 xcp_ext_classic_trigger.c.o
 .text.xcpExtModeClassicTriggerInit
                0x08001ff4       0x68 xcp_ext_classic_trigger.c.o
                0x08001ff4                xcpExtModeClassicTriggerInit
 .text.xcpExtModeClassicTriggerEnabled
                0x0800205c      0x100 xcp_ext_classic_trigger.c.o
                0x0800205c                xcpExtModeClassicTriggerEnabled
 .text.xcpExtModeClassicTriggerReset
                0x0800215c       0xf4 xcp_ext_classic_trigger.c.o
                0x0800215c                xcpExtModeClassicTriggerReset
 .text.xcpExtModeClassicTriggerForceEnableStatusUpdate
                0x08002250       0x78 xcp_ext_classic_trigger.c.o
                0x08002250                xcpExtModeClassicTriggerForceEnableStatusUpdate
 .text.msgBufferRealloc
                0x080022c8       0x72 xcp.c.o
 *fill*         0x0800233a        0x2 
 .text.discardInputPacketHandler
                0x0800233c       0x3c xcp.c.o
 .text.unknownInputPacketHandler
                0x08002378       0x34 xcp.c.o
 .text.xcpGetPacketGroupID
                0x080023ac       0x74 xcp.c.o
 .text.xcpGetPacketHandlers
                0x08002420      0x124 xcp.c.o
 .text.xcpStatusSet
                0x08002544       0x20 xcp.c.o
                0x08002544                xcpStatusSet
 .text.xcpSessionStatusGet
                0x08002564       0x18 xcp.c.o
                0x08002564                xcpSessionStatusGet
 .text.xcpSessionStatusSetMask
                0x0800257c       0x28 xcp.c.o
                0x0800257c                xcpSessionStatusSetMask
 .text.xcpSessionStatusClearMask
                0x080025a4       0x34 xcp.c.o
                0x080025a4                xcpSessionStatusClearMask
 .text.xcpResourceProtectionStatusGet
                0x080025d8       0x18 xcp.c.o
                0x080025d8                xcpResourceProtectionStatusGet
 .text.xcpSessionConfigurationIdGet
                0x080025f0       0x18 xcp.c.o
                0x080025f0                xcpSessionConfigurationIdGet
 .text.genericOutputPacketHandler
                0x08002608      0x11c xcp.c.o
                0x08002608                genericOutputPacketHandler
 .text.xcpFindPacket
                0x08002724       0x6e xcp.c.o
                0x08002724                xcpFindPacket
 *fill*         0x08002792        0x2 
 .text.xcpInit  0x08002794       0x64 xcp.c.o
                0x08002794                xcpInit
 .text.xcpRun   0x080027f8      0x194 xcp.c.o
                0x080027f8                xcpRun
 .text.xcpEvent
                0x0800298c       0x50 xcp.c.o
                0x0800298c                xcpEvent
 .text.xcpGetStatus
                0x080029dc       0x18 xcp.c.o
                0x080029dc                xcpGetStatus
 .text.xcpReset
                0x080029f4       0x40 xcp.c.o
                0x080029f4                xcpReset
 .text.xcpPackedModeEventsFlush
                0x08002a34       0x1e xcp.c.o
                0x08002a34                xcpPackedModeEventsFlush
 .text.xcpPackedModeEventReset
                0x08002a52       0x2a xcp.c.o
                0x08002a52                xcpPackedModeEventReset
 .text.isValidUploadSize
                0x08002a7c       0x30 xcp_standard.c.o
 .text.xcpMemcpyFromMTA
                0x08002aac       0x38 xcp_standard.c.o
 .text.connectInputPacketHandler
                0x08002ae4       0xa4 xcp_standard.c.o
 .text.connectOutputPacketHandler
                0x08002b88       0xd4 xcp_standard.c.o
 .text.disconnectInputPacketHandler
                0x08002c5c       0x54 xcp_standard.c.o
 .text.getStatusInputPacketHandler
                0x08002cb0       0x28 xcp_standard.c.o
 .text.getStatusOutputPacketHandler
                0x08002cd8       0x80 xcp_standard.c.o
 .text.synchInputPacketHandler
                0x08002d58       0x44 xcp_standard.c.o
 .text.setMTAInputPacketHandler
                0x08002d9c       0x78 xcp_standard.c.o
 .text.uploadInputPacketHandler
                0x08002e14       0x98 xcp_standard.c.o
 .text.uploadOutputPacketHandler
                0x08002eac       0x9c xcp_standard.c.o
 .text.shortUploadInputPacketHandler
                0x08002f48       0xa4 xcp_standard.c.o
 .text.shortUploadOutputPacketHandler
                0x08002fec       0x9c xcp_standard.c.o
 .text.getPacket
                0x08003088       0x24 xcp_standard.c.o
 .text.xcpStandardInit
                0x080030ac       0x18 xcp_standard.c.o
                0x080030ac                xcpStandardInit
 .text.xcpStandardGetPacketLookup
                0x080030c4       0x18 xcp_standard.c.o
                0x080030c4                xcpStandardGetPacketLookup
 .text.xcpStandardSetPacketLookup
                0x080030dc       0x20 xcp_standard.c.o
                0x080030dc                xcpStandardSetPacketLookup
 .text.xcpStandardReset
                0x080030fc       0x12 xcp_standard.c.o
                0x080030fc                xcpStandardReset
 *fill*         0x0800310e        0x2 
 .text.xcpStandardGetAddressFromMta
                0x08003110       0x18 xcp_standard.c.o
                0x08003110                xcpStandardGetAddressFromMta
 .text.xcpStandardSetMta
                0x08003128       0x3c xcp_standard.c.o
                0x08003128                xcpStandardSetMta
 .text.xcpStandardIncrementMta
                0x08003164       0x28 xcp_standard.c.o
                0x08003164                xcpStandardIncrementMta
 .text.xcpStandardExtendedInit
                0x0800318c        0xe xcp_standard.c.o
                0x0800318c                xcpStandardExtendedInit
 .text.xcpStandardExtendedReset
                0x0800319a        0xe xcp_standard.c.o
                0x0800319a                xcpStandardExtendedReset
 .text.xcpDaqWriteLock
                0x080031a8       0x4c xcp_daq.c.o
 .text.xcpDaqWriteUnlock
                0x080031f4       0x20 xcp_daq.c.o
 .text.xcpDaqReadLock
                0x08003214       0x38 xcp_daq.c.o
 .text.xcpDaqReadUnlock
                0x0800324c       0x38 xcp_daq.c.o
 .text.isActiveDaqList
                0x08003284       0x50 xcp_daq.c.o
 .text.noActiveDaqLists
                0x080032d4       0x50 xcp_daq.c.o
 .text.isValidDaqPtr
                0x08003324       0xb8 xcp_daq.c.o
 .text.isValidDaqEntry
                0x080033dc       0x36 xcp_daq.c.o
 .text.isSupportedDaqListMode
                0x08003412       0x26 xcp_daq.c.o
 .text.isValidStartStopMode
                0x08003438       0x32 xcp_daq.c.o
 .text.isValidStartStopSynchMode
                0x0800346a       0x32 xcp_daq.c.o
 .text.absoluteOdtNumberIdentification
                0x0800349c       0x10 xcp_daq.c.o
 .text.isDaqPackedModeEnabled
                0x080034ac       0x6c xcp_daq.c.o
 .text.odtPacketSize
                0x08003518       0x54 xcp_daq.c.o
 .text.createDaqReservedPool
                0x0800356c       0x88 xcp_daq.c.o
 .text.destroyDaqReservedPool
                0x080035f4       0x2c xcp_daq.c.o
 .text.setDaqPtrInputPacketHandler
                0x08003620       0xdc xcp_daq.c.o
 .text.writeDaqInputPacketHandler
                0x080036fc      0x198 xcp_daq.c.o
 .text.setDaqListModeInputPacketHandler
                0x08003894      0x1c8 xcp_daq.c.o
 .text.startStopDaqListInputPacketHandler
                0x08003a5c      0x3f4 xcp_daq.c.o
 .text.startStopDaqListOutputPacketHandler
                0x08003e50       0x5c xcp_daq.c.o
 .text.startStopSynchInputPacketHandler
                0x08003eac      0x328 xcp_daq.c.o
 .text.getDaqProcessorInfoInputPacketHandler
                0x080041d4       0x28 xcp_daq.c.o
 .text.getDaqProcessorInfoOutputPacketHandler
                0x080041fc       0xac xcp_daq.c.o
 .text.getDaqResolutionInfoInputPacketHandler
                0x080042a8       0x28 xcp_daq.c.o
 .text.getDaqResolutionInfoOutputPacketHandler
                0x080042d0       0xb8 xcp_daq.c.o
 .text.freeDaqInputPacketHandler
                0x08004388       0x5c xcp_daq.c.o
 .text.allocDaqInputPacketHandler
                0x080043e4      0x18c xcp_daq.c.o
 .text.allocOdtInputPacketHandler
                0x08004570      0x1c0 xcp_daq.c.o
 .text.allocOdtEntryInputPacketHandler
                0x08004730      0x270 xcp_daq.c.o
 .text.getDaqClockInputPacketHandler
                0x080049a0       0x22 xcp_daq.c.o
 *fill*         0x080049c2        0x2 
 .text.setDaqPackedModeInputPacketHandler
                0x080049c4      0x21c xcp_daq.c.o
 .text.level1CommandInputPacketHandler
                0x08004be0       0x64 xcp_daq.c.o
 .text.getPacket
                0x08004c44       0x24 xcp_daq.c.o
 .text.xcpDaqInit
                0x08004c68       0x38 xcp_daq.c.o
                0x08004c68                xcpDaqInit
 .text.xcpDaqGetPacketLookup
                0x08004ca0       0x18 xcp_daq.c.o
                0x08004ca0                xcpDaqGetPacketLookup
 .text.xcpDaqSetPacketLookup
                0x08004cb8       0x20 xcp_daq.c.o
                0x08004cb8                xcpDaqSetPacketLookup
 .text.xcpResetDaq
                0x08004cd8       0xa4 xcp_daq.c.o
 .text.daqWriteXCPDataForOdt
                0x08004d7c       0x7c xcp_daq.c.o
 .text.odtWriteEntries
                0x08004df8       0x9c xcp_daq.c.o
 .text.xcpProcessDaq
                0x08004e94      0x208 xcp_daq.c.o
 .text.xcpDaqEvent
                0x0800509c      0x108 xcp_daq.c.o
                0x0800509c                xcpDaqEvent
 .text.xcpDaqEventsFlush
                0x080051a4      0x284 xcp_daq.c.o
                0x080051a4                xcpDaqEventsFlush
 .text.xcpDaqLock
                0x08005428       0x1e xcp_daq.c.o
                0x08005428                xcpDaqLock
 .text.xcpDaqUnlock
                0x08005446        0xe xcp_daq.c.o
                0x08005446                xcpDaqUnlock
 .text.xcpResetDaqListStatus
                0x08005454      0x19c xcp_daq.c.o
                0x08005454                xcpResetDaqListStatus
 .text.xcpDaqReset
                0x080055f0       0x20 xcp_daq.c.o
                0x080055f0                xcpDaqReset
 .text.xcpDaqExtendedInit
                0x08005610        0xe xcp_daq.c.o
                0x08005610                xcpDaqExtendedInit
 .text.xcpDaqExtendedReset
                0x0800561e        0xe xcp_daq.c.o
                0x0800561e                xcpDaqExtendedReset
 .text.isValidShortDownloadSize
                0x0800562c       0x34 xcp_calibration.c.o
 .text.isValidDownloadSize
                0x08005660       0x3a xcp_calibration.c.o
 *fill*         0x0800569a        0x2 
 .text.xcpMemcpyToMTA
                0x0800569c       0x34 xcp_calibration.c.o
 .text.downloadInputPacketHandler
                0x080056d0       0xb0 xcp_calibration.c.o
 .text.shortDownloadInputPacketHandler
                0x08005780       0xb8 xcp_calibration.c.o
 .text.getPacket
                0x08005838       0x24 xcp_calibration.c.o
 .text.xcpCalibrationInit
                0x0800585c       0x14 xcp_calibration.c.o
                0x0800585c                xcpCalibrationInit
 .text.xcpCalibrationGetPacketLookup
                0x08005870       0x18 xcp_calibration.c.o
                0x08005870                xcpCalibrationGetPacketLookup
 .text.xcpCalibrationSetPacketLookup
                0x08005888       0x20 xcp_calibration.c.o
                0x08005888                xcpCalibrationSetPacketLookup
 .text.xcpCalibrationReset
                0x080058a8        0xe xcp_calibration.c.o
                0x080058a8                xcpCalibrationReset
 .text.xcpFifoInit
                0x080058b6       0x20 xcp_fifo.c.o
                0x080058b6                xcpFifoInit
 .text.xcpFifoEnqueue
                0x080058d6       0x2a xcp_fifo.c.o
                0x080058d6                xcpFifoEnqueue
 .text.xcpFifoDequeue
                0x08005900       0x3e xcp_fifo.c.o
                0x08005900                xcpFifoDequeue
 .text.xcpFifoEnqueueHead
                0x0800593e       0x32 xcp_fifo.c.o
                0x0800593e                xcpFifoEnqueueHead
 .text.xcpFifoReset
                0x08005970       0x16 xcp_fifo.c.o
                0x08005970                xcpFifoReset
 *fill*         0x08005986        0x2 
 .text.xcpTransportEmptyTxFifo
                0x08005988       0x6c xcp_transport.c.o
 .text.xcpTransportEmptyRxFifo
                0x080059f4       0x6c xcp_transport.c.o
 .text.xcpTransportInit
                0x08005a60      0x138 xcp_transport.c.o
                0x08005a60                xcpTransportInit
 .text.xcpTransportTxReady
                0x08005b98       0x1a xcp_transport.c.o
                0x08005b98                xcpTransportTxReady
 .text.xcpTransportTxTrigger
                0x08005bb2       0x1a xcp_transport.c.o
                0x08005bb2                xcpTransportTxTrigger
 .text.xcpTransportTxPacketSet
                0x08005bcc      0x144 xcp_transport.c.o
                0x08005bcc                xcpTransportTxPacketSet
 .text.xcpTransportTx
                0x08005d10       0xec xcp_transport.c.o
                0x08005d10                xcpTransportTx
 .text.xcpTransportRx
                0x08005dfc       0x80 xcp_transport.c.o
                0x08005dfc                xcpTransportRx
 .text.xcpTransportRxPacketGet
                0x08005e7c      0x12c xcp_transport.c.o
                0x08005e7c                xcpTransportRxPacketGet
 .text.xcpTransportPacketOffset
                0x08005fa8       0x20 xcp_transport.c.o
                0x08005fa8                xcpTransportPacketOffset
 .text.xcpTransportMsgBufferSize
                0x08005fc8       0x70 xcp_transport.c.o
                0x08005fc8                xcpTransportMsgBufferSize
 .text.xcpTransportMaxDtoSize
                0x08006038        0xe xcp_transport.c.o
                0x08006038                xcpTransportMaxDtoSize
 .text.xcpTransportMaxCtoSize
                0x08006046        0xe xcp_transport.c.o
                0x08006046                xcpTransportMaxCtoSize
 .text.xcpTransportRestart
                0x08006054       0x44 xcp_transport.c.o
                0x08006054                xcpTransportRestart
 .text.xcpTransportResynch
                0x08006098       0x40 xcp_transport.c.o
                0x08006098                xcpTransportResynch
 .text.xcpTransportCtoReservedMemPoolId
                0x080060d8       0x18 xcp_transport.c.o
                0x080060d8                xcpTransportCtoReservedMemPoolId
 .text.xcpTransportReset
                0x080060f0       0xe4 xcp_transport.c.o
                0x080060f0                xcpTransportReset
 .text.xcpInitializePoolMemoryArea
                0x080061d4       0x72 xcp_mem_default.c.o
 *fill*         0x08006246        0x2 
 .text.xcpMemInit
                0x08006248      0x1d4 xcp_mem_default.c.o
                0x08006248                xcpMemInit
 .text.xcpMemAlloc
                0x0800641c       0xe8 xcp_mem_default.c.o
                0x0800641c                xcpMemAlloc
 .text.xcpMemFree
                0x08006504      0x170 xcp_mem_default.c.o
                0x08006504                xcpMemFree
 .text.xcpMemReservedPoolCreate
                0x08006674      0x224 xcp_mem_default.c.o
                0x08006674                xcpMemReservedPoolCreate
 .text.xcpMemReservedPoolDestroy
                0x08006898      0x158 xcp_mem_default.c.o
                0x08006898                xcpMemReservedPoolDestroy
 .text.xcpMemCustomPoolCreate
                0x080069f0       0xbc xcp_mem_default.c.o
                0x080069f0                xcpMemCustomPoolCreate
 .text.xcpMemCustomPoolDestroy
                0x08006aac       0x64 xcp_mem_default.c.o
                0x08006aac                xcpMemCustomPoolDestroy
 .text.xcpMemAllocFromPool
                0x08006b10      0x170 xcp_mem_default.c.o
                0x08006b10                xcpMemAllocFromPool
 .text.xcpMemReset
                0x08006c80       0x50 xcp_mem_default.c.o
                0x08006c80                xcpMemReset
 .text.xcpDrvOpen
                0x08006cd0       0x64 xcp_drv_rtiostream.c.o
                0x08006cd0                xcpDrvOpen
 .text.xcpDrvIoctl
                0x08006d34       0x4c xcp_drv_rtiostream.c.o
                0x08006d34                xcpDrvIoctl
 .text.xcpDrvSend
                0x08006d80      0x14c xcp_drv_rtiostream.c.o
                0x08006d80                xcpDrvSend
 .text.xcpDrvRecv
                0x08006ecc      0x14c xcp_drv_rtiostream.c.o
                0x08006ecc                xcpDrvRecv
 .text.xcpDrvClose
                0x08007018       0x5c xcp_drv_rtiostream.c.o
                0x08007018                xcpDrvClose
 .text.xcpSortArray
                0x08007074       0xcc xcp_utils.c.o
                0x08007074                xcpSortArray
 .text.xcpSxiHtons
                0x08007140       0x18 xcp_frame_serial.c.o
 .text.xcpSxiNtohs
                0x08007158       0x1c xcp_frame_serial.c.o
 .text.xcpSxiChecksum
                0x08007174       0x3e xcp_frame_serial.c.o
                0x08007174                xcpSxiChecksum
 *fill*         0x080071b2        0x2 
 .text.xcpFrameInit
                0x080071b4       0x70 xcp_frame_serial.c.o
                0x080071b4                xcpFrameInit
 .text.xcpFrameMsgSend
                0x08007224      0x188 xcp_frame_serial.c.o
                0x08007224                xcpFrameMsgSend
 .text.xcpFrameMsgRecv
                0x080073ac      0x180 xcp_frame_serial.c.o
                0x080073ac                xcpFrameMsgRecv
 .text.xcpFrameCreateMsg
                0x0800752c       0x94 xcp_frame_serial.c.o
                0x0800752c                xcpFrameCreateMsg
 .text.xcpFrameExtractPacket
                0x080075c0      0x158 xcp_frame_serial.c.o
                0x080075c0                xcpFrameExtractPacket
 .text.xcpFrameHeaderSize
                0x08007718       0x10 xcp_frame_serial.c.o
                0x08007718                xcpFrameHeaderSize
 .text.xcpFrameTailSize
                0x08007728       0x10 xcp_frame_serial.c.o
                0x08007728                xcpFrameTailSize
 .text.xcpFrameMaxDtoSize
                0x08007738       0x12 xcp_frame_serial.c.o
                0x08007738                xcpFrameMaxDtoSize
 .text.xcpFrameMaxCtoSize
                0x0800774a       0x10 xcp_frame_serial.c.o
                0x0800774a                xcpFrameMaxCtoSize
 *fill*         0x0800775a        0x2 
 .text.xcpFrameRestart
                0x0800775c       0x30 xcp_frame_serial.c.o
                0x0800775c                xcpFrameRestart
 .text.xcpFrameSetCtoReservedMemPoolId
                0x0800778c       0x20 xcp_frame_serial.c.o
                0x0800778c                xcpFrameSetCtoReservedMemPoolId
 .text.xcpFrameReset
                0x080077ac       0x70 xcp_frame_serial.c.o
                0x080077ac                xcpFrameReset
 .text.xcpTransportGetInitParameters
                0x0800781c       0x2e xcp_ext_param_default_serial.c.o
                0x0800781c                xcpTransportGetInitParameters
 .text.xcpGetInitParameters
                0x0800784a       0x2e xcp_ext_param_default_serial.c.o
                0x0800784a                xcpGetInitParameters
 .text.HAL_Delay
                0x08007878       0x2e overrideHALDelay.c.o
                0x08007878                HAL_Delay
 *fill*         0x080078a6        0x2 
 .text.PeriphCommonClock_Config
                0x080078a8       0x10 platform_timer.c.o
                0x080078a8                PeriphCommonClock_Config
 .text.getCurrentTimestampInMicros
                0x080078b8       0x3c platform_timer.c.o
                0x080078b8                getCurrentTimestampInMicros
 .text.returnTimeElapsed
                0x080078f4       0x2c platform_timer.c.o
                0x080078f4                returnTimeElapsed
 .text.timestampInit
                0x08007920       0x28 platform_timer.c.o
 .text.getCurrentTimestamp
                0x08007948       0x44 platform_timer.c.o
                0x08007948                getCurrentTimestamp
 .text.__NVIC_SetPriority
                0x0800798c       0x54 SysTickScheduler.c.o
 .text.SysTick_Config
                0x080079e0       0x44 SysTickScheduler.c.o
 .text.SysTick_Isr
                0x08007a24       0x48 SysTickScheduler.c.o
 .text.SysTick_Handler
                0x08007a6c       0x20 SysTickScheduler.c.o
                0x08007a6c                SysTick_Handler
 .text.ARMCM_SysTick_Config
                0x08007a8c       0xb0 SysTickScheduler.c.o
                0x08007a8c                ARMCM_SysTick_Config
 .text.PendSV_Handler
                0x08007b3c       0x44 m3m4m4f_multitasking.c.o
                0x08007b3c                PendSV_Handler
 .text.SVC_Handler
                0x08007b80       0x58 m3m4m4f_multitasking.c.o
                0x08007b80                SVC_Handler
 .text.rtIOStreamOpen
                0x08007bd8       0x44 rtiostream_serial.c.o
                0x08007bd8                rtIOStreamOpen
 .text.rtIOStreamSend
                0x08007c1c       0x38 rtiostream_serial.c.o
                0x08007c1c                rtIOStreamSend
 .text.rtIOStreamRecv
                0x08007c54       0x48 rtiostream_serial.c.o
                0x08007c54                rtIOStreamRecv
 .text.rtIOStreamClose
                0x08007c9c       0x20 rtiostream_serial.c.o
                0x08007c9c                rtIOStreamClose
 .text.LL_DMA_GetDataLength
                0x08007cbc       0x30 stm_usart.c.o
 .text.getAvailableDataInBuffer
                0x08007cec       0xcc stm_usart.c.o
                0x08007cec                getAvailableDataInBuffer
 .text.getBytesToBeReadFromBuffer
                0x08007db8       0x6e stm_usart.c.o
                0x08007db8                getBytesToBeReadFromBuffer
 *fill*         0x08007e26        0x2 
 .text.readDataFromBuffer
                0x08007e28       0xdc stm_usart.c.o
                0x08007e28                readDataFromBuffer
 .text.__NVIC_GetPriorityGrouping
                0x08007f04       0x1c stm_lpuart.c.o
 .text.__NVIC_EnableIRQ
                0x08007f20       0x3c stm_lpuart.c.o
 .text.__NVIC_SetPriority
                0x08007f5c       0x54 stm_lpuart.c.o
 .text.NVIC_EncodePriority
                0x08007fb0       0x66 stm_lpuart.c.o
 *fill*         0x08008016        0x2 
 .text.LL_DMA_EnableChannel
                0x08008018       0x44 stm_lpuart.c.o
 .text.LL_DMA_DisableChannel
                0x0800805c       0x44 stm_lpuart.c.o
 .text.LL_DMA_GetMode
                0x080080a0       0x34 stm_lpuart.c.o
 .text.LL_DMA_SetDataLength
                0x080080d4       0x4c stm_lpuart.c.o
 .text.LL_DMA_ConfigAddresses
                0x08008120       0x7c stm_lpuart.c.o
 .text.LL_DMA_IsActiveFlag_TC1
                0x0800819c       0x26 stm_lpuart.c.o
 .text.LL_DMA_ClearFlag_TC1
                0x080081c2       0x1a stm_lpuart.c.o
 .text.LL_DMA_EnableIT_TC
                0x080081dc       0x44 stm_lpuart.c.o
 .text.LL_DMA_DisableIT_TC
                0x08008220       0x44 stm_lpuart.c.o
 .text.LL_DMA_IsEnabledIT_TC
                0x08008264       0x3c stm_lpuart.c.o
 .text.LL_LPUART_Enable
                0x080082a0       0x20 stm_lpuart.c.o
 .text.LL_LPUART_Disable
                0x080082c0       0x20 stm_lpuart.c.o
 .text.LL_LPUART_IsEnabled
                0x080082e0       0x26 stm_lpuart.c.o
 .text.LL_LPUART_IsActiveFlag_PE
                0x08008306       0x26 stm_lpuart.c.o
 .text.LL_LPUART_IsActiveFlag_FE
                0x0800832c       0x26 stm_lpuart.c.o
 .text.LL_LPUART_IsActiveFlag_NE
                0x08008352       0x26 stm_lpuart.c.o
 .text.LL_LPUART_IsActiveFlag_ORE
                0x08008378       0x26 stm_lpuart.c.o
 .text.LL_LPUART_IsActiveFlag_TC
                0x0800839e       0x26 stm_lpuart.c.o
 .text.LL_LPUART_IsActiveFlag_TXE_TXFNF
                0x080083c4       0x26 stm_lpuart.c.o
 .text.LL_LPUART_ClearFlag_PE
                0x080083ea       0x1a stm_lpuart.c.o
 .text.LL_LPUART_ClearFlag_FE
                0x08008404       0x1a stm_lpuart.c.o
 .text.LL_LPUART_ClearFlag_NE
                0x0800841e       0x1a stm_lpuart.c.o
 .text.LL_LPUART_ClearFlag_ORE
                0x08008438       0x1a stm_lpuart.c.o
 .text.LL_LPUART_EnableIT_RXNE_RXFNE
                0x08008452       0x42 stm_lpuart.c.o
 .text.LL_LPUART_EnableIT_PE
                0x08008494       0x42 stm_lpuart.c.o
 .text.LL_LPUART_EnableIT_ERROR
                0x080084d6       0x46 stm_lpuart.c.o
 .text.LL_LPUART_DisableIT_RXNE_RXFNE
                0x0800851c       0x42 stm_lpuart.c.o
 .text.LL_LPUART_DisableIT_TXE_TXFNF
                0x0800855e       0x42 stm_lpuart.c.o
 .text.LL_LPUART_DisableIT_PE
                0x080085a0       0x42 stm_lpuart.c.o
 .text.LL_LPUART_DisableIT_ERROR
                0x080085e2       0x46 stm_lpuart.c.o
 .text.LL_LPUART_EnableDMAReq_RX
                0x08008628       0x46 stm_lpuart.c.o
 .text.LL_LPUART_DisableDMAReq_RX
                0x0800866e       0x46 stm_lpuart.c.o
 .text.LL_LPUART_EnableDMAReq_TX
                0x080086b4       0x46 stm_lpuart.c.o
 .text.LL_LPUART_DisableDMAReq_TX
                0x080086fa       0x46 stm_lpuart.c.o
 .text.LL_LPUART_DMA_GetRegAddr
                0x08008740       0x2c stm_lpuart.c.o
 .text.LL_LPUART_ReceiveData8
                0x0800876c       0x1a stm_lpuart.c.o
 .text.LL_LPUART_TransmitData8
                0x08008786       0x1e stm_lpuart.c.o
 .text.LPUART_RXDMAInterruptHandler
                0x080087a4       0xd4 stm_lpuart.c.o
                0x080087a4                LPUART_RXDMAInterruptHandler
 .text.LPUART_IsActiveFlagError
                0x08008878       0xf4 stm_lpuart.c.o
                0x08008878                LPUART_IsActiveFlagError
 .text.LPUART1_IRQHandler
                0x0800896c       0x14 stm_lpuart.c.o
                0x0800896c                LPUART1_IRQHandler
 .text.DMA1_Channel1_IRQHandler
                0x08008980       0x20 stm_lpuart.c.o
                0x08008980                DMA1_Channel1_IRQHandler
 .text.LPUART_ConfigureReceiveDMA
                0x080089a0       0xae stm_lpuart.c.o
                0x080089a0                LPUART_ConfigureReceiveDMA
 .text.LPUART_ConfigureTransmitDMA
                0x08008a4e       0x7a stm_lpuart.c.o
                0x08008a4e                LPUART_ConfigureTransmitDMA
 .text.MW_LPUART_GetReadErrorStatus
                0x08008ac8       0xc8 stm_lpuart.c.o
                0x08008ac8                MW_LPUART_GetReadErrorStatus
 .text.MW_LPUART_Initialize
                0x08008b90      0x170 stm_lpuart.c.o
                0x08008b90                MW_LPUART_Initialize
 .text.MW_LPUART_ReceiveUsingBuffer
                0x08008d00       0x5c stm_lpuart.c.o
                0x08008d00                MW_LPUART_ReceiveUsingBuffer
 .text.MW_LPUART_TransmitUsingPolling
                0x08008d5c      0x184 stm_lpuart.c.o
                0x08008d5c                MW_LPUART_TransmitUsingPolling
 .text.MW_LPUART_DeInit
                0x08008ee0       0xaa stm_lpuart.c.o
                0x08008ee0                MW_LPUART_DeInit
 .text.sys_arch_protect_arm
                0x08008f8a       0x22 sys_arch_arm.c.o
                0x08008f8a                sys_arch_protect_arm
 .text.sys_arch_unprotect_arm
                0x08008fac       0x20 sys_arch_arm.c.o
                0x08008fac                sys_arch_unprotect_arm
 .text.__NVIC_GetPriorityGrouping
                0x08008fcc       0x1c main.c.o
 .text.__NVIC_EnableIRQ
                0x08008fe8       0x3c main.c.o
 .text.__NVIC_SetPriority
                0x08009024       0x54 main.c.o
 .text.NVIC_EncodePriority
                0x08009078       0x66 main.c.o
 *fill*         0x080090de        0x2 
 .text.LL_DMA_SetDataTransferDirection
                0x080090e0       0x50 main.c.o
 .text.LL_DMA_SetMode
                0x08009130       0x4c main.c.o
 .text.LL_DMA_SetPeriphIncMode
                0x0800917c       0x4c main.c.o
 .text.LL_DMA_SetMemoryIncMode
                0x080091c8       0x4c main.c.o
 .text.LL_DMA_SetPeriphSize
                0x08009214       0x4c main.c.o
 .text.LL_DMA_SetMemorySize
                0x08009260       0x4c main.c.o
 .text.LL_DMA_SetChannelPriorityLevel
                0x080092ac       0x4c main.c.o
 .text.LL_DMA_SetPeriphRequest
                0x080092f8       0x54 main.c.o
 .text.LL_LPUART_Enable
                0x0800934c       0x20 main.c.o
 .text.LL_LPUART_DisableFIFO
                0x0800936c       0x20 main.c.o
 .text.LL_LPUART_SetTXFIFOThreshold
                0x0800938c       0x4e main.c.o
 .text.LL_LPUART_SetRXFIFOThreshold
                0x080093da       0x4e main.c.o
 .text.LL_LPUART_IsActiveFlag_TEACK
                0x08009428       0x28 main.c.o
 .text.LL_LPUART_IsActiveFlag_REACK
                0x08009450       0x28 main.c.o
 .text.LL_RCC_HSI_Enable
                0x08009478       0x20 main.c.o
 .text.LL_RCC_HSI_IsReady
                0x08009498       0x28 main.c.o
 .text.LL_RCC_HSI_SetCalibTrimming
                0x080094c0       0x2c main.c.o
 .text.LL_RCC_SetSysClkSource
                0x080094ec       0x28 main.c.o
 .text.LL_RCC_GetSysClkSource
                0x08009514       0x1c main.c.o
 .text.LL_RCC_SetAHBPrescaler
                0x08009530       0x28 main.c.o
 .text.LL_RCC_SetAPB1Prescaler
                0x08009558       0x28 main.c.o
 .text.LL_RCC_SetAPB2Prescaler
                0x08009580       0x28 main.c.o
 .text.LL_RCC_SetLPUARTClockSource
                0x080095a8       0x2c main.c.o
 .text.LL_RCC_PLL_Enable
                0x080095d4       0x20 main.c.o
 .text.LL_RCC_PLL_IsReady
                0x080095f4       0x28 main.c.o
 .text.LL_RCC_PLL_ConfigDomain_SYS
                0x0800961c       0x40 main.c.o
 .text.LL_RCC_PLL_EnableDomain_SYS
                0x0800965c       0x20 main.c.o
 .text.LL_AHB1_GRP1_EnableClock
                0x0800967c       0x30 main.c.o
 .text.LL_AHB2_GRP1_EnableClock
                0x080096ac       0x30 main.c.o
 .text.LL_APB1_GRP1_EnableClock
                0x080096dc       0x30 main.c.o
 .text.LL_APB1_GRP2_EnableClock
                0x0800970c       0x30 main.c.o
 .text.LL_APB2_GRP1_EnableClock
                0x0800973c       0x30 main.c.o
 .text.LL_SYSCFG_SetEXTISource
                0x0800976c       0x70 main.c.o
 .text.LL_FLASH_SetLatency
                0x080097dc       0x28 main.c.o
 .text.LL_FLASH_GetLatency
                0x08009804       0x1c main.c.o
 .text.LL_PWR_EnableRange1BoostMode
                0x08009820       0x24 main.c.o
 .text.LL_TIM_DisableARRPreload
                0x08009844       0x20 main.c.o
 .text.LL_TIM_IC_SetActiveInput
                0x08009864       0xc0 main.c.o
 .text.LL_TIM_IC_SetPrescaler
                0x08009924       0xc0 main.c.o
 .text.LL_TIM_IC_SetFilter
                0x080099e4       0xc0 main.c.o
 .text.LL_TIM_IC_SetPolarity
                0x08009aa4       0xac main.c.o
 .text.LL_TIM_SetEncoderMode
                0x08009b50       0x2a main.c.o
 .text.LL_TIM_SetTriggerOutput
                0x08009b7a       0x2a main.c.o
 .text.LL_TIM_SetTriggerOutput2
                0x08009ba4       0x26 main.c.o
 .text.LL_TIM_DisableMasterSlaveMode
                0x08009bca       0x20 main.c.o
 .text.LL_GPIO_SetPinMode
                0x08009bea       0x7a main.c.o
 .text.LL_GPIO_SetPinPull
                0x08009c64       0x7a main.c.o
 *fill*         0x08009cde        0x2 
 .text.SystemClock_Config
                0x08009ce0       0xb0 main.c.o
                0x08009ce0                SystemClock_Config
 .text.MX_LPUART1_UART_Init
                0x08009d90      0x148 main.c.o
                0x08009d90                MX_LPUART1_UART_Init
 .text.MX_TIM1_Init
                0x08009ed8      0x128 main.c.o
                0x08009ed8                MX_TIM1_Init
 .text.MX_TIM3_Init
                0x0800a000      0x114 main.c.o
                0x0800a000                MX_TIM3_Init
 .text.MX_TIM4_Init
                0x0800a114      0x118 main.c.o
                0x0800a114                MX_TIM4_Init
 .text.MX_DMA_Init
                0x0800a22c       0x34 main.c.o
                0x0800a22c                MX_DMA_Init
 .text.MX_GPIO_Init
                0x0800a260       0xbc main.c.o
                0x0800a260                MX_GPIO_Init
 .text.HAL_TIM_PeriodElapsedCallback
                0x0800a31c       0x1e main.c.o
                0x0800a31c                HAL_TIM_PeriodElapsedCallback
 .text.Error_Handler
                0x0800a33a        0xc main.c.o
                0x0800a33a                Error_Handler
 .text.NMI_Handler
                0x0800a346        0x8 stm32g4xx_it.c.o
                0x0800a346                NMI_Handler
 .text.HardFault_Handler
                0x0800a34e        0x8 stm32g4xx_it.c.o
                0x0800a34e                HardFault_Handler
 .text.MemManage_Handler
                0x0800a356        0x8 stm32g4xx_it.c.o
                0x0800a356                MemManage_Handler
 .text.BusFault_Handler
                0x0800a35e        0x8 stm32g4xx_it.c.o
                0x0800a35e                BusFault_Handler
 .text.UsageFault_Handler
                0x0800a366        0x8 stm32g4xx_it.c.o
                0x0800a366                UsageFault_Handler
 .text.DebugMon_Handler
                0x0800a36e        0xe stm32g4xx_it.c.o
                0x0800a36e                DebugMon_Handler
 .text.TIM2_IRQHandler
                0x0800a37c       0x14 stm32g4xx_it.c.o
                0x0800a37c                TIM2_IRQHandler
 .text.HAL_MspInit
                0x0800a390       0x48 stm32g4xx_hal_msp.c.o
                0x0800a390                HAL_MspInit
 .text.HAL_InitTick
                0x0800a3d8       0xd8 stm32g4xx_hal_timebase_tim.c.o
                0x0800a3d8                HAL_InitTick
 .text.LL_SetSystemCoreClock
                0x0800a4b0       0x20 stm32g4xx_ll_utils.c.o
                0x0800a4b0                LL_SetSystemCoreClock
 .text.LL_EXTI_EnableIT_0_31
                0x0800a4d0       0x24 stm32g4xx_ll_exti.c.o
 .text.LL_EXTI_EnableIT_32_63
                0x0800a4f4       0x24 stm32g4xx_ll_exti.c.o
 .text.LL_EXTI_DisableIT_0_31
                0x0800a518       0x28 stm32g4xx_ll_exti.c.o
 .text.LL_EXTI_DisableIT_32_63
                0x0800a540       0x28 stm32g4xx_ll_exti.c.o
 .text.LL_EXTI_EnableEvent_0_31
                0x0800a568       0x24 stm32g4xx_ll_exti.c.o
 .text.LL_EXTI_EnableEvent_32_63
                0x0800a58c       0x24 stm32g4xx_ll_exti.c.o
 .text.LL_EXTI_DisableEvent_0_31
                0x0800a5b0       0x28 stm32g4xx_ll_exti.c.o
 .text.LL_EXTI_DisableEvent_32_63
                0x0800a5d8       0x28 stm32g4xx_ll_exti.c.o
 .text.LL_EXTI_EnableRisingTrig_0_31
                0x0800a600       0x24 stm32g4xx_ll_exti.c.o
 .text.LL_EXTI_EnableRisingTrig_32_63
                0x0800a624       0x24 stm32g4xx_ll_exti.c.o
 .text.LL_EXTI_DisableRisingTrig_0_31
                0x0800a648       0x28 stm32g4xx_ll_exti.c.o
 .text.LL_EXTI_DisableRisingTrig_32_63
                0x0800a670       0x28 stm32g4xx_ll_exti.c.o
 .text.LL_EXTI_EnableFallingTrig_0_31
                0x0800a698       0x24 stm32g4xx_ll_exti.c.o
 .text.LL_EXTI_EnableFallingTrig_32_63
                0x0800a6bc       0x24 stm32g4xx_ll_exti.c.o
 .text.LL_EXTI_DisableFallingTrig_0_31
                0x0800a6e0       0x28 stm32g4xx_ll_exti.c.o
 .text.LL_EXTI_DisableFallingTrig_32_63
                0x0800a708       0x28 stm32g4xx_ll_exti.c.o
 .text.LL_EXTI_Init
                0x0800a730      0x1ec stm32g4xx_ll_exti.c.o
                0x0800a730                LL_EXTI_Init
 .text.HAL_TIM_Base_Init
                0x0800a91c       0xae stm32g4xx_hal_tim.c.o
                0x0800a91c                HAL_TIM_Base_Init
 .text.HAL_TIM_Base_MspInit
                0x0800a9ca       0x14 stm32g4xx_hal_tim.c.o
                0x0800a9ca                HAL_TIM_Base_MspInit
 *fill*         0x0800a9de        0x2 
 .text.HAL_TIM_Base_Start_IT
                0x0800a9e0       0xf0 stm32g4xx_hal_tim.c.o
                0x0800a9e0                HAL_TIM_Base_Start_IT
 .text.HAL_TIM_IRQHandler
                0x0800aad0      0x29e stm32g4xx_hal_tim.c.o
                0x0800aad0                HAL_TIM_IRQHandler
 .text.HAL_TIM_OC_DelayElapsedCallback
                0x0800ad6e       0x14 stm32g4xx_hal_tim.c.o
                0x0800ad6e                HAL_TIM_OC_DelayElapsedCallback
 .text.HAL_TIM_IC_CaptureCallback
                0x0800ad82       0x14 stm32g4xx_hal_tim.c.o
                0x0800ad82                HAL_TIM_IC_CaptureCallback
 .text.HAL_TIM_PWM_PulseFinishedCallback
                0x0800ad96       0x14 stm32g4xx_hal_tim.c.o
                0x0800ad96                HAL_TIM_PWM_PulseFinishedCallback
 .text.HAL_TIM_TriggerCallback
                0x0800adaa       0x14 stm32g4xx_hal_tim.c.o
                0x0800adaa                HAL_TIM_TriggerCallback
 *fill*         0x0800adbe        0x2 
 .text.TIM_Base_SetConfig
                0x0800adc0      0x168 stm32g4xx_hal_tim.c.o
                0x0800adc0                TIM_Base_SetConfig
 .text.HAL_TIMEx_CommutCallback
                0x0800af28       0x14 stm32g4xx_hal_tim_ex.c.o
                0x0800af28                HAL_TIMEx_CommutCallback
 .text.HAL_TIMEx_BreakCallback
                0x0800af3c       0x14 stm32g4xx_hal_tim_ex.c.o
                0x0800af3c                HAL_TIMEx_BreakCallback
 .text.HAL_TIMEx_Break2Callback
                0x0800af50       0x14 stm32g4xx_hal_tim_ex.c.o
                0x0800af50                HAL_TIMEx_Break2Callback
 .text.HAL_TIMEx_EncoderIndexCallback
                0x0800af64       0x14 stm32g4xx_hal_tim_ex.c.o
                0x0800af64                HAL_TIMEx_EncoderIndexCallback
 .text.HAL_TIMEx_DirectionChangeCallback
                0x0800af78       0x14 stm32g4xx_hal_tim_ex.c.o
                0x0800af78                HAL_TIMEx_DirectionChangeCallback
 .text.HAL_TIMEx_IndexErrorCallback
                0x0800af8c       0x14 stm32g4xx_hal_tim_ex.c.o
                0x0800af8c                HAL_TIMEx_IndexErrorCallback
 .text.HAL_TIMEx_TransitionErrorCallback
                0x0800afa0       0x14 stm32g4xx_hal_tim_ex.c.o
                0x0800afa0                HAL_TIMEx_TransitionErrorCallback
 .text.LL_GPIO_SetPinMode
                0x0800afb4       0x7a stm32g4xx_ll_gpio.c.o
 .text.LL_GPIO_SetPinOutputType
                0x0800b02e       0x30 stm32g4xx_ll_gpio.c.o
 .text.LL_GPIO_SetPinSpeed
                0x0800b05e       0x7a stm32g4xx_ll_gpio.c.o
 .text.LL_GPIO_SetPinPull
                0x0800b0d8       0x7a stm32g4xx_ll_gpio.c.o
 .text.LL_GPIO_SetAFPin_0_7
                0x0800b152       0x7a stm32g4xx_ll_gpio.c.o
 .text.LL_GPIO_SetAFPin_8_15
                0x0800b1cc       0x7e stm32g4xx_ll_gpio.c.o
 .text.LL_GPIO_Init
                0x0800b24a       0xdc stm32g4xx_ll_gpio.c.o
                0x0800b24a                LL_GPIO_Init
 .text.LL_LPUART_IsEnabled
                0x0800b326       0x26 stm32g4xx_ll_lpuart.c.o
 .text.LL_LPUART_SetPrescaler
                0x0800b34c       0x28 stm32g4xx_ll_lpuart.c.o
 .text.LL_LPUART_SetStopBitsLength
                0x0800b374       0x26 stm32g4xx_ll_lpuart.c.o
 .text.LL_LPUART_SetHWFlowCtrl
                0x0800b39a       0x26 stm32g4xx_ll_lpuart.c.o
 .text.LL_LPUART_SetBaudRate
                0x0800b3c0       0x98 stm32g4xx_ll_lpuart.c.o
 .text.LL_LPUART_Init
                0x0800b458       0x98 stm32g4xx_ll_lpuart.c.o
                0x0800b458                LL_LPUART_Init
 .text.LL_RCC_HSI_IsReady
                0x0800b4f0       0x28 stm32g4xx_ll_rcc.c.o
 .text.LL_RCC_LSE_IsReady
                0x0800b518       0x28 stm32g4xx_ll_rcc.c.o
 .text.LL_RCC_GetSysClkSource
                0x0800b540       0x1c stm32g4xx_ll_rcc.c.o
 .text.LL_RCC_GetAHBPrescaler
                0x0800b55c       0x1c stm32g4xx_ll_rcc.c.o
 .text.LL_RCC_GetAPB1Prescaler
                0x0800b578       0x1c stm32g4xx_ll_rcc.c.o
 .text.LL_RCC_GetLPUARTClockSource
                0x0800b594       0x24 stm32g4xx_ll_rcc.c.o
 .text.LL_RCC_PLL_GetMainSource
                0x0800b5b8       0x1c stm32g4xx_ll_rcc.c.o
 .text.LL_RCC_PLL_GetN
                0x0800b5d4       0x1c stm32g4xx_ll_rcc.c.o
 .text.LL_RCC_PLL_GetR
                0x0800b5f0       0x1c stm32g4xx_ll_rcc.c.o
 .text.LL_RCC_PLL_GetDivider
                0x0800b60c       0x1c stm32g4xx_ll_rcc.c.o
 .text.LL_RCC_GetLPUARTClockFreq
                0x0800b628       0x84 stm32g4xx_ll_rcc.c.o
                0x0800b628                LL_RCC_GetLPUARTClockFreq
 .text.RCC_GetSystemClockFreq
                0x0800b6ac       0x4c stm32g4xx_ll_rcc.c.o
 .text.RCC_GetHCLKClockFreq
                0x0800b6f8       0x30 stm32g4xx_ll_rcc.c.o
 .text.RCC_GetPCLK1ClockFreq
                0x0800b728       0x2c stm32g4xx_ll_rcc.c.o
 .text.RCC_PLL_GetFreqDomain_SYS
                0x0800b754       0x68 stm32g4xx_ll_rcc.c.o
 .text.HAL_Init
                0x0800b7bc       0x30 stm32g4xx_hal.c.o
                0x0800b7bc                HAL_Init
 .text.HAL_IncTick
                0x0800b7ec       0x24 stm32g4xx_hal.c.o
                0x0800b7ec                HAL_IncTick
 .text.HAL_GetTick
                0x0800b810       0x18 stm32g4xx_hal.c.o
                0x0800b810                HAL_GetTick
 .text.HAL_RCC_GetHCLKFreq
                0x0800b828       0x18 stm32g4xx_hal_rcc.c.o
                0x0800b828                HAL_RCC_GetHCLKFreq
 .text.HAL_RCC_GetPCLK1Freq
                0x0800b840       0x2c stm32g4xx_hal_rcc.c.o
                0x0800b840                HAL_RCC_GetPCLK1Freq
 .text.HAL_RCC_GetClockConfig
                0x0800b86c       0x64 stm32g4xx_hal_rcc.c.o
                0x0800b86c                HAL_RCC_GetClockConfig
 .text.HAL_PWREx_DisableUCPDDeadBattery
                0x0800b8d0       0x20 stm32g4xx_hal_pwr_ex.c.o
                0x0800b8d0                HAL_PWREx_DisableUCPDDeadBattery
 .text.__NVIC_SetPriorityGrouping
                0x0800b8f0       0x48 stm32g4xx_hal_cortex.c.o
 .text.__NVIC_GetPriorityGrouping
                0x0800b938       0x1c stm32g4xx_hal_cortex.c.o
 .text.__NVIC_EnableIRQ
                0x0800b954       0x3c stm32g4xx_hal_cortex.c.o
 .text.__NVIC_SetPriority
                0x0800b990       0x54 stm32g4xx_hal_cortex.c.o
 .text.NVIC_EncodePriority
                0x0800b9e4       0x66 stm32g4xx_hal_cortex.c.o
 .text.HAL_NVIC_SetPriorityGrouping
                0x0800ba4a       0x16 stm32g4xx_hal_cortex.c.o
                0x0800ba4a                HAL_NVIC_SetPriorityGrouping
 .text.HAL_NVIC_SetPriority
                0x0800ba60       0x34 stm32g4xx_hal_cortex.c.o
                0x0800ba60                HAL_NVIC_SetPriority
 .text.HAL_NVIC_EnableIRQ
                0x0800ba94       0x1c stm32g4xx_hal_cortex.c.o
                0x0800ba94                HAL_NVIC_EnableIRQ
 .text.LL_TIM_SetPrescaler
                0x0800bab0       0x1c stm32g4xx_ll_tim.c.o
 .text.LL_TIM_SetAutoReload
                0x0800bacc       0x1c stm32g4xx_ll_tim.c.o
 .text.LL_TIM_SetRepetitionCounter
                0x0800bae8       0x1c stm32g4xx_ll_tim.c.o
 .text.LL_TIM_GenerateEvent_UPDATE
                0x0800bb04       0x20 stm32g4xx_ll_tim.c.o
 .text.LL_TIM_Init
                0x0800bb24      0x144 stm32g4xx_ll_tim.c.o
                0x0800bb24                LL_TIM_Init
 .text.SystemInit
                0x0800bc68       0x24 system_stm32g4xx.c.o
                0x0800bc68                SystemInit
 .text.Reset_Handler
                0x0800bc8c       0x50 startup_stm32g474retx.s.o
                0x0800bc8c                Reset_Handler
 .text.Default_Handler
                0x0800bcdc        0x2 startup_stm32g474retx.s.o
                0x0800bcdc                RTC_Alarm_IRQHandler
                0x0800bcdc                EXTI2_IRQHandler
                0x0800bcdc                TIM8_TRG_COM_IRQHandler
                0x0800bcdc                TIM8_CC_IRQHandler
                0x0800bcdc                HRTIM1_Master_IRQHandler
                0x0800bcdc                SPI4_IRQHandler
                0x0800bcdc                FDCAN3_IT0_IRQHandler
                0x0800bcdc                TIM1_CC_IRQHandler
                0x0800bcdc                HRTIM1_FLT_IRQHandler
                0x0800bcdc                HRTIM1_TIMF_IRQHandler
                0x0800bcdc                USB_HP_IRQHandler
                0x0800bcdc                CORDIC_IRQHandler
                0x0800bcdc                HRTIM1_TIMD_IRQHandler
                0x0800bcdc                DMA2_Channel8_IRQHandler
                0x0800bcdc                EXTI3_IRQHandler
                0x0800bcdc                I2C3_ER_IRQHandler
                0x0800bcdc                EXTI0_IRQHandler
                0x0800bcdc                I2C2_EV_IRQHandler
                0x0800bcdc                FPU_IRQHandler
                0x0800bcdc                FDCAN1_IT1_IRQHandler
                0x0800bcdc                TIM1_UP_TIM16_IRQHandler
                0x0800bcdc                ADC1_2_IRQHandler
                0x0800bcdc                HRTIM1_TIME_IRQHandler
                0x0800bcdc                SPI1_IRQHandler
                0x0800bcdc                TIM6_DAC_IRQHandler
                0x0800bcdc                HRTIM1_TIMC_IRQHandler
                0x0800bcdc                TIM8_UP_IRQHandler
                0x0800bcdc                DMA2_Channel2_IRQHandler
                0x0800bcdc                DMA1_Channel4_IRQHandler
                0x0800bcdc                TIM20_TRG_COM_IRQHandler
                0x0800bcdc                USART3_IRQHandler
                0x0800bcdc                DMA1_Channel7_IRQHandler
                0x0800bcdc                UART5_IRQHandler
                0x0800bcdc                ADC3_IRQHandler
                0x0800bcdc                TIM4_IRQHandler
                0x0800bcdc                DMA2_Channel1_IRQHandler
                0x0800bcdc                QUADSPI_IRQHandler
                0x0800bcdc                I2C1_EV_IRQHandler
                0x0800bcdc                DMA1_Channel6_IRQHandler
                0x0800bcdc                UART4_IRQHandler
                0x0800bcdc                DMA2_Channel4_IRQHandler
                0x0800bcdc                TIM3_IRQHandler
                0x0800bcdc                RCC_IRQHandler
                0x0800bcdc                TIM20_UP_IRQHandler
                0x0800bcdc                Default_Handler
                0x0800bcdc                DMA2_Channel7_IRQHandler
                0x0800bcdc                RTC_TAMP_LSECSS_IRQHandler
                0x0800bcdc                FMAC_IRQHandler
                0x0800bcdc                EXTI15_10_IRQHandler
                0x0800bcdc                DMA1_Channel8_IRQHandler
                0x0800bcdc                HRTIM1_TIMA_IRQHandler
                0x0800bcdc                TIM7_DAC_IRQHandler
                0x0800bcdc                FDCAN3_IT1_IRQHandler
                0x0800bcdc                TIM5_IRQHandler
                0x0800bcdc                UCPD1_IRQHandler
                0x0800bcdc                I2C3_EV_IRQHandler
                0x0800bcdc                EXTI9_5_IRQHandler
                0x0800bcdc                RTC_WKUP_IRQHandler
                0x0800bcdc                PVD_PVM_IRQHandler
                0x0800bcdc                SPI2_IRQHandler
                0x0800bcdc                ADC5_IRQHandler
                0x0800bcdc                DMA2_Channel5_IRQHandler
                0x0800bcdc                CRS_IRQHandler
                0x0800bcdc                DMA1_Channel5_IRQHandler
                0x0800bcdc                USB_LP_IRQHandler
                0x0800bcdc                EXTI4_IRQHandler
                0x0800bcdc                RNG_IRQHandler
                0x0800bcdc                HRTIM1_TIMB_IRQHandler
                0x0800bcdc                TIM1_TRG_COM_TIM17_IRQHandler
                0x0800bcdc                FDCAN2_IT1_IRQHandler
                0x0800bcdc                DMA1_Channel3_IRQHandler
                0x0800bcdc                ADC4_IRQHandler
                0x0800bcdc                WWDG_IRQHandler
                0x0800bcdc                I2C4_EV_IRQHandler
                0x0800bcdc                FDCAN2_IT0_IRQHandler
                0x0800bcdc                DMA2_Channel6_IRQHandler
                0x0800bcdc                FDCAN1_IT0_IRQHandler
                0x0800bcdc                COMP7_IRQHandler
                0x0800bcdc                COMP1_2_3_IRQHandler
                0x0800bcdc                EXTI1_IRQHandler
                0x0800bcdc                USART2_IRQHandler
                0x0800bcdc                COMP4_5_6_IRQHandler
                0x0800bcdc                TIM20_BRK_IRQHandler
                0x0800bcdc                I2C2_ER_IRQHandler
                0x0800bcdc                DMA1_Channel2_IRQHandler
                0x0800bcdc                TIM8_BRK_IRQHandler
                0x0800bcdc                FLASH_IRQHandler
                0x0800bcdc                TIM20_CC_IRQHandler
                0x0800bcdc                USART1_IRQHandler
                0x0800bcdc                SPI3_IRQHandler
                0x0800bcdc                I2C1_ER_IRQHandler
                0x0800bcdc                FMC_IRQHandler
                0x0800bcdc                LPTIM1_IRQHandler
                0x0800bcdc                DMAMUX_OVR_IRQHandler
                0x0800bcdc                I2C4_ER_IRQHandler
                0x0800bcdc                USBWakeUp_IRQHandler
                0x0800bcdc                SAI1_IRQHandler
                0x0800bcdc                DMA2_Channel3_IRQHandler
                0x0800bcdc                TIM1_BRK_TIM15_IRQHandler
 .text.LL_TIM_GetCounterMode
                0x0800bcde       0x30 stm_timer_ll.c.o
 .text.LL_TIM_GetCounter
                0x0800bd0e       0x18 stm_timer_ll.c.o
 .text.LL_TIM_GetRepetitionCounter
                0x0800bd26       0x18 stm_timer_ll.c.o
 .text.LL_TIM_CC_EnableChannel
                0x0800bd3e       0x22 stm_timer_ll.c.o
 .text.LL_TIM_CC_DisableChannel
                0x0800bd60       0x24 stm_timer_ll.c.o
 .text.LL_TIM_EnableAllOutputs
                0x0800bd84       0x20 stm_timer_ll.c.o
 .text.LL_TIM_IsActiveFlag_IDX
                0x0800bda4       0x28 stm_timer_ll.c.o
 .text.LL_TIM_EnableIT_UPDATE
                0x0800bdcc       0x20 stm_timer_ll.c.o
 .text.LL_TIM_DisableIT_UPDATE
                0x0800bdec       0x20 stm_timer_ll.c.o
 .text.LL_TIM_IsEnabledIT_UPDATE
                0x0800be0c       0x26 stm_timer_ll.c.o
 .text.LL_TIM_EnableIT_CC1
                0x0800be32       0x20 stm_timer_ll.c.o
 .text.LL_TIM_DisableIT_CC1
                0x0800be52       0x20 stm_timer_ll.c.o
 .text.LL_TIM_IsEnabledIT_CC1
                0x0800be72       0x26 stm_timer_ll.c.o
 .text.LL_TIM_EnableIT_CC2
                0x0800be98       0x20 stm_timer_ll.c.o
 .text.LL_TIM_DisableIT_CC2
                0x0800beb8       0x20 stm_timer_ll.c.o
 .text.LL_TIM_IsEnabledIT_CC2
                0x0800bed8       0x26 stm_timer_ll.c.o
 .text.LL_TIM_EnableIT_CC3
                0x0800befe       0x20 stm_timer_ll.c.o
 .text.LL_TIM_DisableIT_CC3
                0x0800bf1e       0x20 stm_timer_ll.c.o
 .text.LL_TIM_IsEnabledIT_CC3
                0x0800bf3e       0x26 stm_timer_ll.c.o
 .text.LL_TIM_EnableIT_CC4
                0x0800bf64       0x20 stm_timer_ll.c.o
 .text.LL_TIM_DisableIT_CC4
                0x0800bf84       0x20 stm_timer_ll.c.o
 .text.LL_TIM_IsEnabledIT_CC4
                0x0800bfa4       0x26 stm_timer_ll.c.o
 .text.LL_TIM_EnableIT_COM
                0x0800bfca       0x20 stm_timer_ll.c.o
 .text.LL_TIM_DisableIT_COM
                0x0800bfea       0x20 stm_timer_ll.c.o
 .text.LL_TIM_IsEnabledIT_COM
                0x0800c00a       0x26 stm_timer_ll.c.o
 .text.LL_TIM_EnableIT_TRIG
                0x0800c030       0x20 stm_timer_ll.c.o
 .text.LL_TIM_DisableIT_TRIG
                0x0800c050       0x20 stm_timer_ll.c.o
 .text.LL_TIM_IsEnabledIT_TRIG
                0x0800c070       0x26 stm_timer_ll.c.o
 .text.LL_TIM_EnableIT_BRK
                0x0800c096       0x20 stm_timer_ll.c.o
 .text.LL_TIM_DisableIT_BRK
                0x0800c0b6       0x20 stm_timer_ll.c.o
 .text.LL_TIM_IsEnabledIT_BRK
                0x0800c0d6       0x26 stm_timer_ll.c.o
 .text.LL_TIM_EnableIT_TERR
                0x0800c0fc       0x20 stm_timer_ll.c.o
 .text.LL_TIM_DisableIT_TERR
                0x0800c11c       0x20 stm_timer_ll.c.o
 .text.LL_TIM_IsEnabledIT_TERR
                0x0800c13c       0x28 stm_timer_ll.c.o
 .text.LL_TIM_EnableIT_IERR
                0x0800c164       0x20 stm_timer_ll.c.o
 .text.LL_TIM_DisableIT_IERR
                0x0800c184       0x20 stm_timer_ll.c.o
 .text.LL_TIM_IsEnabledIT_IERR
                0x0800c1a4       0x28 stm_timer_ll.c.o
 .text.LL_TIM_EnableIT_DIR
                0x0800c1cc       0x20 stm_timer_ll.c.o
 .text.LL_TIM_DisableIT_DIR
                0x0800c1ec       0x20 stm_timer_ll.c.o
 .text.LL_TIM_IsEnabledIT_DIR
                0x0800c20c       0x28 stm_timer_ll.c.o
 .text.LL_TIM_EnableIT_IDX
                0x0800c234       0x20 stm_timer_ll.c.o
 .text.LL_TIM_DisableIT_IDX
                0x0800c254       0x20 stm_timer_ll.c.o
 .text.LL_TIM_IsEnabledIT_IDX
                0x0800c274       0x28 stm_timer_ll.c.o
 .text.TIM_IsActiveFlagIDX
                0x0800c29c       0x34 stm_timer_ll.c.o
                0x0800c29c                TIM_IsActiveFlagIDX
 .text.enableTimerInterrupts
                0x0800c2d0      0x1c4 stm_timer_ll.c.o
                0x0800c2d0                enableTimerInterrupts
 .text.disableTimerInterrupts
                0x0800c494      0x1c4 stm_timer_ll.c.o
                0x0800c494                disableTimerInterrupts
 .text.enableTimerChannel1
                0x0800c658       0xb0 stm_timer_ll.c.o
                0x0800c658                enableTimerChannel1
 .text.disableTimerChannel1
                0x0800c708       0xb0 stm_timer_ll.c.o
                0x0800c708                disableTimerChannel1
 .text.enableTimerChannel2
                0x0800c7b8       0xb0 stm_timer_ll.c.o
                0x0800c7b8                enableTimerChannel2
 .text.disableTimerChannel2
                0x0800c868       0xb0 stm_timer_ll.c.o
                0x0800c868                disableTimerChannel2
 .text.Timer_Handle_Init
                0x0800c918      0x114 stm_timer_ll.c.o
                0x0800c918                Timer_Handle_Init
 .text.getTimerCounterValueForG4
                0x0800ca2c       0x64 stm_timer_ll.c.o
                0x0800ca2c                getTimerCounterValueForG4
 .text.fmod     0x0800ca90       0x6c C:/ProgramData/MATLAB/SupportPackages/R2025a/3P.instrset/gnuarm-armcortex.instrset/win/bin/../lib/gcc/arm-none-eabi/13.2.1/thumb/v7e-m+fp/hard\libm.a(libm_a-w_fmod.o)
                0x0800ca90                fmod
 .text.__ieee754_fmod
                0x0800cafc      0x30c C:/ProgramData/MATLAB/SupportPackages/R2025a/3P.instrset/gnuarm-armcortex.instrset/win/bin/../lib/gcc/arm-none-eabi/13.2.1/thumb/v7e-m+fp/hard\libm.a(libm_a-e_fmod.o)
                0x0800cafc                __ieee754_fmod
 .text.__udivmoddi4
                0x0800ce08      0x2bc C:/ProgramData/MATLAB/SupportPackages/R2025a/3P.instrset/gnuarm-armcortex.instrset/win/bin/../lib/gcc/arm-none-eabi/13.2.1/thumb/v7e-m+fp/hard\libgcc.a(_udivmoddi4.o)
                0x0800ce08                __udivmoddi4
 .text.memset   0x0800d0c4       0x10 C:/ProgramData/MATLAB/SupportPackages/R2025a/3P.instrset/gnuarm-armcortex.instrset/win/bin/../lib/gcc/arm-none-eabi/13.2.1/thumb/v7e-m+fp/hard\libg_nano.a(libc_a-memset.o)
                0x0800d0c4                memset
 .text.__errno  0x0800d0d4        0xc C:/ProgramData/MATLAB/SupportPackages/R2025a/3P.instrset/gnuarm-armcortex.instrset/win/bin/../lib/gcc/arm-none-eabi/13.2.1/thumb/v7e-m+fp/hard\libg_nano.a(libc_a-errno.o)
                0x0800d0d4                __errno
 .text.__libc_init_array
                0x0800d0e0       0x48 C:/ProgramData/MATLAB/SupportPackages/R2025a/3P.instrset/gnuarm-armcortex.instrset/win/bin/../lib/gcc/arm-none-eabi/13.2.1/thumb/v7e-m+fp/hard\libg_nano.a(libc_a-init.o)
                0x0800d0e0                __libc_init_array
 .text.memcpy   0x0800d128       0x1c C:/ProgramData/MATLAB/SupportPackages/R2025a/3P.instrset/gnuarm-armcortex.instrset/win/bin/../lib/gcc/arm-none-eabi/13.2.1/thumb/v7e-m+fp/hard\libg_nano.a(libc_a-memcpy-stub.o)
                0x0800d128                memcpy
 *(.glue_7)
 .glue_7        0x0800d144        0x0 linker stubs
 *(.glue_7t)
 .glue_7t       0x0800d144        0x0 linker stubs
 *(.eh_frame)
 .eh_frame      0x0800d144        0x0 C:/ProgramData/MATLAB/SupportPackages/R2025a/3P.instrset/gnuarm-armcortex.instrset/win/bin/../lib/gcc/arm-none-eabi/13.2.1/thumb/v7e-m+fp/hard/crtbegin.o
 *(.init)
 .init          0x0800d144        0x4 C:/ProgramData/MATLAB/SupportPackages/R2025a/3P.instrset/gnuarm-armcortex.instrset/win/bin/../lib/gcc/arm-none-eabi/13.2.1/thumb/v7e-m+fp/hard/crti.o
                0x0800d144                _init
 .init          0x0800d148        0x8 C:/ProgramData/MATLAB/SupportPackages/R2025a/3P.instrset/gnuarm-armcortex.instrset/win/bin/../lib/gcc/arm-none-eabi/13.2.1/thumb/v7e-m+fp/hard/crtn.o
 *(.fini)
 .fini          0x0800d150        0x4 C:/ProgramData/MATLAB/SupportPackages/R2025a/3P.instrset/gnuarm-armcortex.instrset/win/bin/../lib/gcc/arm-none-eabi/13.2.1/thumb/v7e-m+fp/hard/crti.o
                0x0800d150                _fini
 .fini          0x0800d154        0x8 C:/ProgramData/MATLAB/SupportPackages/R2025a/3P.instrset/gnuarm-armcortex.instrset/win/bin/../lib/gcc/arm-none-eabi/13.2.1/thumb/v7e-m+fp/hard/crtn.o
                0x0800d15c                        . = ALIGN (0x4)
                0x0800d15c                        _etext = .

.vfp11_veneer   0x0800d15c        0x0
 .vfp11_veneer  0x0800d15c        0x0 linker stubs

.v4_bx          0x0800d15c        0x0
 .v4_bx         0x0800d15c        0x0 linker stubs

.iplt           0x0800d15c        0x0
 .iplt          0x0800d15c        0x0 C:/ProgramData/MATLAB/SupportPackages/R2025a/3P.instrset/gnuarm-armcortex.instrset/win/bin/../lib/gcc/arm-none-eabi/13.2.1/thumb/v7e-m+fp/hard/crtbegin.o

.rodata         0x0800d160     0x2a18
                0x0800d160                        . = ALIGN (0x4)
 *(.rodata)
 .rodata        0x0800d160      0x2b9 xcp_ext_mode.c.o
 *fill*         0x0800d419        0x3 
 .rodata        0x0800d41c      0x12e xcp_ext_common.c.o
 *fill*         0x0800d54a        0x2 
 .rodata        0x0800d54c       0x4c xcp_ext_classic_trigger.c.o
 .rodata        0x0800d598      0x278 xcp.c.o
 .rodata        0x0800d810      0x3a9 xcp_standard.c.o
 *fill*         0x0800dbb9        0x3 
 .rodata        0x0800dbbc     0x1010 xcp_daq.c.o
 .rodata        0x0800ebcc       0xdd xcp_calibration.c.o
 *fill*         0x0800eca9        0x3 
 .rodata        0x0800ecac      0x56e xcp_transport.c.o
 *fill*         0x0800f21a        0x2 
 .rodata        0x0800f21c       0xf5 xcp_mem_default.c.o
 *fill*         0x0800f311        0x3 
 .rodata        0x0800f314      0x228 xcp_drv_rtiostream.c.o
 .rodata        0x0800f53c      0x4aa xcp_frame_serial.c.o
 *(.rodata*)
 *fill*         0x0800f9e6        0x2 
 .rodata.Encoder_reader_simulink_M
                0x0800f9e8        0x4 Encoder_reader_simulink.c.o
                0x0800f9e8                Encoder_reader_simulink_M
 .rodata.rtAlwaysEnabled.0
                0x0800f9ec        0x1 Encoder_reader_simulink.c.o
 *fill*         0x0800f9ed        0x3 
 .rodata.standardSupportedRxPacket
                0x0800f9f0       0x54 xcp_standard.c.o
 .rodata.daqSupportedRxPacket
                0x0800fa44       0x9c xcp_daq.c.o
 .rodata.calibrationSupportedRxPacket
                0x0800fae0       0x18 xcp_calibration.c.o
 .rodata.CHANNEL_OFFSET_TAB
                0x0800faf8        0x8 stm_usart.c.o
 .rodata.CHANNEL_OFFSET_TAB
                0x0800fb00        0x8 stm_lpuart.c.o
 .rodata.CHANNEL_OFFSET_TAB
                0x0800fb08        0x8 main.c.o
 .rodata.OFFSET_TAB_CCMRx
                0x0800fb10        0xa main.c.o
 *fill*         0x0800fb1a        0x2 
 .rodata.SHIFT_TAB_ICxx
                0x0800fb1c        0xa main.c.o
 *fill*         0x0800fb26        0x2 
 .rodata.SHIFT_TAB_CCxP
                0x0800fb28        0xa main.c.o
 *fill*         0x0800fb32        0x2 
 .rodata.LPUART_PRESCALER_TAB
                0x0800fb34       0x18 stm32g4xx_ll_lpuart.c.o
 .rodata.AHBPrescTable
                0x0800fb4c       0x10 system_stm32g4xx.c.o
                0x0800fb4c                AHBPrescTable
 .rodata.APBPrescTable
                0x0800fb5c        0x8 system_stm32g4xx.c.o
                0x0800fb5c                APBPrescTable
 *fill*         0x0800fb64        0x4 
 .rodata.Zero   0x0800fb68       0x10 C:/ProgramData/MATLAB/SupportPackages/R2025a/3P.instrset/gnuarm-armcortex.instrset/win/bin/../lib/gcc/arm-none-eabi/13.2.1/thumb/v7e-m+fp/hard\libm.a(libm_a-e_fmod.o)
                0x0800fb78                        . = ALIGN (0x4)

.ARM.extab      0x0800fb78        0x0
                0x0800fb78                        . = ALIGN (0x4)
 *(.ARM.extab* .gnu.linkonce.armextab.*)
                0x0800fb78                        . = ALIGN (0x4)

.ARM            0x0800fb78        0x8
                0x0800fb78                        . = ALIGN (0x4)
                0x0800fb78                        __exidx_start = .
 *(.ARM.exidx*)
 .ARM.exidx.text.__udivmoddi4
                0x0800fb78        0x8 C:/ProgramData/MATLAB/SupportPackages/R2025a/3P.instrset/gnuarm-armcortex.instrset/win/bin/../lib/gcc/arm-none-eabi/13.2.1/thumb/v7e-m+fp/hard\libgcc.a(_udivmoddi4.o)
                0x0800fb80                        __exidx_end = .
                0x0800fb80                        . = ALIGN (0x4)

.preinit_array  0x0800fb80        0x0
                0x0800fb80                        . = ALIGN (0x4)
                0x0800fb80                        PROVIDE (__preinit_array_start = .)
 *(.preinit_array*)
                0x0800fb80                        PROVIDE (__preinit_array_end = .)
                0x0800fb80                        . = ALIGN (0x4)

.init_array     0x0800fb80        0x4
                0x0800fb80                        . = ALIGN (0x4)
                0x0800fb80                        PROVIDE (__init_array_start = .)
 *(SORT_BY_NAME(.init_array.*))
 *(.init_array*)
 .init_array    0x0800fb80        0x4 C:/ProgramData/MATLAB/SupportPackages/R2025a/3P.instrset/gnuarm-armcortex.instrset/win/bin/../lib/gcc/arm-none-eabi/13.2.1/thumb/v7e-m+fp/hard/crtbegin.o
                0x0800fb84                        PROVIDE (__init_array_end = .)
                0x0800fb84                        . = ALIGN (0x4)

.fini_array     0x0800fb84        0x4
                0x0800fb84                        . = ALIGN (0x4)
                [!provide]                        PROVIDE (__fini_array_start = .)
 *(SORT_BY_NAME(.fini_array.*))
 *(.fini_array*)
 .fini_array    0x0800fb84        0x4 C:/ProgramData/MATLAB/SupportPackages/R2025a/3P.instrset/gnuarm-armcortex.instrset/win/bin/../lib/gcc/arm-none-eabi/13.2.1/thumb/v7e-m+fp/hard/crtbegin.o
                [!provide]                        PROVIDE (__fini_array_end = .)
                0x0800fb88                        . = ALIGN (0x4)
                0x0800fb88                        _sidata = LOADADDR (.data)

.rel.dyn        0x0800fb88        0x0
 .rel.iplt      0x0800fb88        0x0 C:/ProgramData/MATLAB/SupportPackages/R2025a/3P.instrset/gnuarm-armcortex.instrset/win/bin/../lib/gcc/arm-none-eabi/13.2.1/thumb/v7e-m+fp/hard/crtbegin.o

.data           0x20000000       0xe4 load address 0x0800fb88
                0x20000000                        . = ALIGN (0x4)
                0x20000000                        _sdata = .
 *(.data)
 *(.data*)
 .data.xcpExtmodeFinalSimulationTime
                0x20000000        0x8 xcp_ext_common.c.o
                0x20000000                xcpExtmodeFinalSimulationTime
 .data.xcpClassicTriggerDuration
                0x20000008        0x4 xcp_ext_classic_trigger.c.o
                0x20000008                xcpClassicTriggerDuration
 .data.xcpClassicTriggerArmRequest
                0x2000000c        0x1 xcp_ext_classic_trigger.c.o
                0x2000000c                xcpClassicTriggerArmRequest
 *fill*         0x2000000d        0x3 
 .data.startStopDaqListId
                0x20000010        0x4 xcp_daq.c.o
 .data.xcpCurrentDaq
                0x20000014        0x4 xcp_daq.c.o
 .data.xcpEventCustomMemoryManager
                0x20000018        0xc xcp_daq.c.o
 .data.xcpCtoReservedMemPoolId
                0x20000024        0x4 xcp_transport.c.o
 .data.xcpMemMainBlockSizes
                0x20000028        0xc xcp_mem_default.c.o
 .data.xcpMemMainBlocksNumber
                0x20000034        0xc xcp_mem_default.c.o
 .data.drvID    0x20000040        0x4 xcp_drv_rtiostream.c.o
 .data.xcpCtoReservedMemPoolId
                0x20000044        0x4 xcp_frame_serial.c.o
 .data.uartObj  0x20000048       0x40 rtiostream_serial.c.o
                0x20000048                uartObj
 .data.uwTickPrio
                0x20000088        0x4 stm32g4xx_hal.c.o
                0x20000088                uwTickPrio
 .data.uwTickFreq
                0x2000008c        0x4 stm32g4xx_hal.c.o
                0x2000008c                uwTickFreq
 .data.SystemCoreClock
                0x20000090        0x4 system_stm32g4xx.c.o
                0x20000090                SystemCoreClock
 .data._impure_ptr
                0x20000094        0x4 C:/ProgramData/MATLAB/SupportPackages/R2025a/3P.instrset/gnuarm-armcortex.instrset/win/bin/../lib/gcc/arm-none-eabi/13.2.1/thumb/v7e-m+fp/hard\libg_nano.a(libc_a-impure.o)
                0x20000094                _impure_ptr
 .data._impure_data
                0x20000098       0x4c C:/ProgramData/MATLAB/SupportPackages/R2025a/3P.instrset/gnuarm-armcortex.instrset/win/bin/../lib/gcc/arm-none-eabi/13.2.1/thumb/v7e-m+fp/hard\libg_nano.a(libc_a-impure.o)
                0x20000098                _impure_data
 *(.RamFunc)
 *(.RamFunc*)
                0x200000e4                        . = ALIGN (0x4)
                0x200000e4                        _edata = .

.tm_clone_table
                0x200000e4        0x0 load address 0x0800fc6c
 .tm_clone_table
                0x200000e4        0x0 C:/ProgramData/MATLAB/SupportPackages/R2025a/3P.instrset/gnuarm-armcortex.instrset/win/bin/../lib/gcc/arm-none-eabi/13.2.1/thumb/v7e-m+fp/hard/crtbegin.o
 .tm_clone_table
                0x200000e4        0x0 C:/ProgramData/MATLAB/SupportPackages/R2025a/3P.instrset/gnuarm-armcortex.instrset/win/bin/../lib/gcc/arm-none-eabi/13.2.1/thumb/v7e-m+fp/hard/crtend.o

.igot.plt       0x200000e4        0x0 load address 0x0800fc6c
 .igot.plt      0x200000e4        0x0 C:/ProgramData/MATLAB/SupportPackages/R2025a/3P.instrset/gnuarm-armcortex.instrset/win/bin/../lib/gcc/arm-none-eabi/13.2.1/thumb/v7e-m+fp/hard/crtbegin.o
                0x200000e4                        . = ALIGN (0x4)

.bss            0x200000e8     0x12bc load address 0x0800fc6c
                0x200000e8                        _sbss = .
                0x200000e8                        __bss_start__ = _sbss
 *(.bss)
 *(.bss*)
 .bss.completed.1
                0x200000e8        0x1 C:/ProgramData/MATLAB/SupportPackages/R2025a/3P.instrset/gnuarm-armcortex.instrset/win/bin/../lib/gcc/arm-none-eabi/13.2.1/thumb/v7e-m+fp/hard/crtbegin.o
 *fill*         0x200000e9        0x3 
 .bss.object.0  0x200000ec       0x18 C:/ProgramData/MATLAB/SupportPackages/R2025a/3P.instrset/gnuarm-armcortex.instrset/win/bin/../lib/gcc/arm-none-eabi/13.2.1/thumb/v7e-m+fp/hard/crtbegin.o
 .bss.xcpCustomTriggerFunction
                0x20000104        0x8 xcp_ext_mode.c.o
 *fill*         0x2000010c        0x4 
 .bss.Encoder_reader_simulink_B
                0x20000110       0x18 Encoder_reader_simulink.c.o
                0x20000110                Encoder_reader_simulink_B
 .bss.Encoder_reader_simulink_DW
                0x20000128       0x40 Encoder_reader_simulink.c.o
                0x20000128                Encoder_reader_simulink_DW
 .bss.Encoder_reader_simulink_M_
                0x20000168       0x48 Encoder_reader_simulink.c.o
 .bss.rt_ExtModeInfo.2
                0x200001b0       0x14 Encoder_reader_simulink.c.o
 .bss.systemRan.1
                0x200001c4       0x14 Encoder_reader_simulink.c.o
 .bss.IsrOverrun
                0x200001d8        0x4 ert_main.c.o
                0x200001d8                IsrOverrun
 .bss.OverrunFlag
                0x200001dc        0x1 ert_main.c.o
 .bss.stopRequested
                0x200001dd        0x1 ert_main.c.o
                0x200001dd                stopRequested
 .bss.runModel  0x200001de        0x1 ert_main.c.o
                0x200001de                runModel
 .bss.xcpModelStartRequest
                0x200001df        0x1 xcp_ext_common.c.o
                0x200001df                xcpModelStartRequest
 .bss.xcpModelStopRequest
                0x200001e0        0x1 xcp_ext_common.c.o
                0x200001e0                xcpModelStopRequest
 .bss.xcpModelStatus
                0x200001e1        0x1 xcp_ext_common.c.o
                0x200001e1                xcpModelStatus
 *fill*         0x200001e2        0x2 
 .bss.xcpModelChecksum0
                0x200001e4        0x4 xcp_ext_common.c.o
                0x200001e4                xcpModelChecksum0
 .bss.xcpModelChecksum1
                0x200001e8        0x4 xcp_ext_common.c.o
                0x200001e8                xcpModelChecksum1
 .bss.xcpModelChecksum2
                0x200001ec        0x4 xcp_ext_common.c.o
                0x200001ec                xcpModelChecksum2
 .bss.xcpModelChecksum3
                0x200001f0        0x4 xcp_ext_common.c.o
                0x200001f0                xcpModelChecksum3
 .bss.xcpModelIntegerCode
                0x200001f4        0x4 xcp_ext_common.c.o
                0x200001f4                xcpModelIntegerCode
 .bss.xcpExtmodeSimulationComplete
                0x200001f8        0x1 xcp_ext_common.c.o
                0x200001f8                xcpExtmodeSimulationComplete
 *fill*         0x200001f9        0x7 
 .bss.xcpDummyDoubleVariable
                0x20000200        0x8 xcp_ext_common.c.o
                0x20000200                xcpDummyDoubleVariable
 .bss.xcpDummyUint64Variable
                0x20000208        0x8 xcp_ext_common.c.o
                0x20000208                xcpDummyUint64Variable
 .bss.xcpCurrentSimulationTimeInMs
                0x20000210        0x8 xcp_ext_common.c.o
                0x20000210                xcpCurrentSimulationTimeInMs
 .bss.xcpBaseRateSimulationTime
                0x20000218        0x8 xcp_ext_common.c.o
 .bss.xcpClassicTriggerEventId
                0x20000220        0x2 xcp_ext_classic_trigger.c.o
                0x20000220                xcpClassicTriggerEventId
 *fill*         0x20000222        0x2 
 .bss.xcpClassicTriggerSignalAddress
                0x20000224        0x4 xcp_ext_classic_trigger.c.o
                0x20000224                xcpClassicTriggerSignalAddress
 .bss.xcpClassicTriggerSignalAddressExtension
                0x20000228        0x1 xcp_ext_classic_trigger.c.o
                0x20000228                xcpClassicTriggerSignalAddressExtension
 *fill*         0x20000229        0x7 
 .bss.xcpClassicTriggerLevel
                0x20000230        0x8 xcp_ext_classic_trigger.c.o
                0x20000230                xcpClassicTriggerLevel
 .bss.xcpClassicTriggerHoldOff
                0x20000238        0x4 xcp_ext_classic_trigger.c.o
                0x20000238                xcpClassicTriggerHoldOff
 .bss.xcpClassicTriggerDelay
                0x2000023c        0x4 xcp_ext_classic_trigger.c.o
                0x2000023c                xcpClassicTriggerDelay
 .bss.xcpClassicTriggerDirection
                0x20000240        0x1 xcp_ext_classic_trigger.c.o
                0x20000240                xcpClassicTriggerDirection
 .bss.xcpClassicTriggerCancelRequest
                0x20000241        0x1 xcp_ext_classic_trigger.c.o
                0x20000241                xcpClassicTriggerCancelRequest
 .bss.xcpClassicTriggerSource
                0x20000242        0x1 xcp_ext_classic_trigger.c.o
                0x20000242                xcpClassicTriggerSource
 .bss.xcpClassicTriggerMode
                0x20000243        0x1 xcp_ext_classic_trigger.c.o
                0x20000243                xcpClassicTriggerMode
 .bss.xcpClassicTriggerStatus
                0x20000244        0x1 xcp_ext_classic_trigger.c.o
                0x20000244                xcpClassicTriggerStatus
 *fill*         0x20000245        0x3 
 .bss.xcpOldSignalValue
                0x20000248        0x8 xcp_ext_classic_trigger.c.o
 .bss.xcpOldSignalValueAvailable
                0x20000250        0x1 xcp_ext_classic_trigger.c.o
 .bss.xcpOldClassicTriggerSource
                0x20000251        0x1 xcp_ext_classic_trigger.c.o
 .bss.xcpTriggerEnabled
                0x20000252        0x1 xcp_ext_classic_trigger.c.o
 .bss.xcpSignalTriggerFired
                0x20000253        0x1 xcp_ext_classic_trigger.c.o
 .bss.xcpTriggerCount
                0x20000254        0x4 xcp_ext_classic_trigger.c.o
 .bss.xcpForcedTriggerEnabled
                0x20000258        0x1 xcp_ext_classic_trigger.c.o
 .bss.xcpForceTriggerEnableRequest
                0x20000259        0x1 xcp_ext_classic_trigger.c.o
 .bss.initialized
                0x2000025a        0x1 xcp.c.o
 .bss.xcpStatus
                0x2000025b        0x1 xcp.c.o
 .bss.xcpSessionStatus
                0x2000025c        0x1 xcp.c.o
 .bss.xcpResourceProtectionStatus
                0x2000025d        0x1 xcp.c.o
 .bss.xcpSessionConfigurationId
                0x2000025e        0x2 xcp.c.o
 .bss.groupPacketLookup
                0x20000260       0x10 xcp.c.o
 .bss.xcpMta    0x20000270        0x8 xcp_standard.c.o
 .bss.xcpUploadSize
                0x20000278        0x1 xcp_standard.c.o
 *fill*         0x20000279        0x3 
 .bss.packetLookup
                0x2000027c        0x4 xcp_standard.c.o
 .bss.xcpDynamicDaqLists
                0x20000280        0x8 xcp_daq.c.o
 .bss.xcpRunningEventCounter
                0x20000288        0x4 xcp_daq.c.o
 .bss.daqLock   0x2000028c        0x4 xcp_daq.c.o
 .bss.packetLookup
                0x20000290        0x4 xcp_daq.c.o
 .bss.packetLookup
                0x20000294        0x4 xcp_calibration.c.o
 .bss.txFifo    0x20000298       0x10 xcp_transport.c.o
 .bss.txLock    0x200002a8        0x4 xcp_transport.c.o
 .bss.rxFifo    0x200002ac        0x8 xcp_transport.c.o
 .bss.rxLock    0x200002b4        0x4 xcp_transport.c.o
 .bss.initialized
                0x200002b8        0x1 xcp_transport.c.o
 *fill*         0x200002b9        0x3 
 .bss.xcpMemPoolDescriptors
                0x200002bc       0xc0 xcp_mem_default.c.o
 .bss.xcpMemCustomPoolDescriptors
                0x2000037c        0x8 xcp_mem_default.c.o
 .bss.xcpMemMainChunk
                0x20000384      0x3a7 xcp_mem_default.c.o
 *fill*         0x2000072b        0x1 
 .bss.xcpMemReservedPoolsChunk
                0x2000072c      0x5e9 xcp_mem_default.c.o
 *fill*         0x20000d15        0x3 
 .bss.xcpMemReservedPoolsChunkUsedBytes
                0x20000d18        0x4 xcp_mem_default.c.o
 .bss.xcpMemLock
                0x20000d1c        0x4 xcp_mem_default.c.o
 .bss.forceBlocking
                0x20000d20        0x1 xcp_drv_rtiostream.c.o
 *fill*         0x20000d21        0x1 
 .bss.txCounter
                0x20000d22        0x2 xcp_frame_serial.c.o
 .bss.rxCounter
                0x20000d24        0x2 xcp_frame_serial.c.o
 *fill*         0x20000d26        0x2 
 .bss.firstRxCounterReceived
                0x20000d28        0x4 xcp_frame_serial.c.o
 .bss.initialized
                0x20000d2c        0x1 xcp_frame_serial.c.o
 *fill*         0x20000d2d        0x3 
 .bss.timestampInitialized
                0x20000d30        0x4 platform_timer.c.o
 .bss.timestampStartTime
                0x20000d34        0x4 platform_timer.c.o
 .bss.schdl_counter
                0x20000d38        0x4 SysTickScheduler.c.o
                0x20000d38                schdl_counter
 .bss.schdl_counter_max
                0x20000d3c        0x4 SysTickScheduler.c.o
                0x20000d3c                schdl_counter_max
 .bss.taskToSchedule
                0x20000d40        0x4 m3m4m4f_multitasking.c.o
                0x20000d40                taskToSchedule
 .bss.mw_ext_h  0x20000d44        0x4 rtiostream_serial.c.o
                0x20000d44                mw_ext_h
 .bss.UARTRxBuffer
                0x20000d48        0x4 rtiostream_serial.c.o
                0x20000d48                UARTRxBuffer
 .bss.mw_lpuart1
                0x20000d4c       0x40 stm_lpuart.c.o
                0x20000d4c                mw_lpuart1
 .bss.LPUART1ReceiveBuffer
                0x20000d8c      0x400 stm_lpuart.c.o
                0x20000d8c                LPUART1ReceiveBuffer
 .bss.htim2     0x2000118c       0x4c stm32g4xx_hal_timebase_tim.c.o
                0x2000118c                htim2
 .bss.uwTick    0x200011d8        0x4 stm32g4xx_hal.c.o
                0x200011d8                uwTick
 .bss.mw_tim3   0x200011dc       0x8c stm_timer_ll.c.o
                0x200011dc                mw_tim3
 .bss.firstIndexReceived.0
                0x20001268        0x1 stm_timer_ll.c.o
 *fill*         0x20001269        0x3 
 .bss.__sf      0x2000126c      0x138 C:/ProgramData/MATLAB/SupportPackages/R2025a/3P.instrset/gnuarm-armcortex.instrset/win/bin/../lib/gcc/arm-none-eabi/13.2.1/thumb/v7e-m+fp/hard\libg_nano.a(libc_a-findfp.o)
                0x2000126c                __sf
 *(COMMON)
                0x200013a4                        . = ALIGN (0x4)
                0x200013a4                        _ebss = .
                0x200013a4                        __bss_end__ = _ebss

._user_heap_stack
                0x200013a4      0x604 load address 0x0800fc6c
                0x200013a8                        . = ALIGN (0x8)
 *fill*         0x200013a4        0x4 
                [!provide]                        PROVIDE (end = .)
                0x200013a8                        PROVIDE (_end = .)
                0x200015a8                        . = (. + _Min_Heap_Size)
 *fill*         0x200013a8      0x200 
                0x200019a8                        . = (. + _Min_Stack_Size)
 *fill*         0x200015a8      0x400 
                0x200019a8                        . = ALIGN (0x8)

/DISCARD/
 libc.a(*)
 libm.a(*)
 libgcc.a(*)

.ARM.attributes
                0x00000000       0x30
 *(.ARM.attributes)
 .ARM.attributes
                0x00000000       0x22 C:/ProgramData/MATLAB/SupportPackages/R2025a/3P.instrset/gnuarm-armcortex.instrset/win/bin/../lib/gcc/arm-none-eabi/13.2.1/thumb/v7e-m+fp/hard/crti.o
 .ARM.attributes
                0x00000022       0x34 C:/ProgramData/MATLAB/SupportPackages/R2025a/3P.instrset/gnuarm-armcortex.instrset/win/bin/../lib/gcc/arm-none-eabi/13.2.1/thumb/v7e-m+fp/hard/crtbegin.o
 .ARM.attributes
                0x00000056       0x34 xcp_ext_mode.c.o
 .ARM.attributes
                0x0000008a       0x34 Encoder_reader_simulink.c.o
 .ARM.attributes
                0x000000be       0x34 ert_main.c.o
 .ARM.attributes
                0x000000f2       0x34 xcp_ext_common.c.o
 .ARM.attributes
                0x00000126       0x34 xcp_ext_classic_trigger.c.o
 .ARM.attributes
                0x0000015a       0x34 xcp.c.o
 .ARM.attributes
                0x0000018e       0x34 xcp_standard.c.o
 .ARM.attributes
                0x000001c2       0x34 xcp_daq.c.o
 .ARM.attributes
                0x000001f6       0x34 xcp_calibration.c.o
 .ARM.attributes
                0x0000022a       0x34 xcp_fifo.c.o
 .ARM.attributes
                0x0000025e       0x34 xcp_transport.c.o
 .ARM.attributes
                0x00000292       0x34 xcp_mem_default.c.o
 .ARM.attributes
                0x000002c6       0x34 xcp_drv_rtiostream.c.o
 .ARM.attributes
                0x000002fa       0x34 xcp_utils.c.o
 .ARM.attributes
                0x0000032e       0x34 xcp_frame_serial.c.o
 .ARM.attributes
                0x00000362       0x34 xcp_ext_param_default_serial.c.o
 .ARM.attributes
                0x00000396       0x34 overrideHALDelay.c.o
 .ARM.attributes
                0x000003ca       0x34 platform_timer.c.o
 .ARM.attributes
                0x000003fe       0x34 SysTickScheduler.c.o
 .ARM.attributes
                0x00000432       0x34 m3m4m4f_multitasking.c.o
 .ARM.attributes